Archive member included to satisfy reference by file (symbol)

../Middlewares/ST/STM32_Audio/Addons/PDM/Lib/\libPDMFilter_CM4_GCC_wc32.a(pdm_filter.o)
                              ./Drivers/BSP/STM32F411E-Discovery/stm32f411e_discovery_audio.o (PDM_Filter_Init)
../Middlewares/ST/STM32_Audio/Addons/PDM/Lib/\libPDMFilter_CM4_GCC_wc32.a(stm32_crc_lock.o)
                              ../Middlewares/ST/STM32_Audio/Addons/PDM/Lib/\libPDMFilter_CM4_GCC_wc32.a(pdm_filter.o) (CRC_Lock)
../../../../../sdk/mcu/lib/stm32f411/en\libpicovoice.a(picovoice.o)
                              ./Src/main.o (pv_status_to_string)
../../../../../sdk/mcu/lib/stm32f411/en\libpicovoice.a(pv_picovoice.o)
                              ./Src/main.o (pv_inference_delete)
../../../../../sdk/mcu/lib/stm32f411/en\libpicovoice.a(pv_porcupine.o)
                              ../../../../../sdk/mcu/lib/stm32f411/en\libpicovoice.a(pv_picovoice.o) (pv_porcupine_init)
../../../../../sdk/mcu/lib/stm32f411/en\libpicovoice.a(pv_porcupine_internal.o)
                              ../../../../../sdk/mcu/lib/stm32f411/en\libpicovoice.a(pv_porcupine.o) (taabe24)
../../../../../sdk/mcu/lib/stm32f411/en\libpicovoice.a(pv_rhino.o)
                              ../../../../../sdk/mcu/lib/stm32f411/en\libpicovoice.a(pv_picovoice.o) (pv_rhino_init)
../../../../../sdk/mcu/lib/stm32f411/en\libpicovoice.a(pv_rhino_context.o)
                              ../../../../../sdk/mcu/lib/stm32f411/en\libpicovoice.a(pv_rhino.o) (taabe616)
../../../../../sdk/mcu/lib/stm32f411/en\libpicovoice.a(pv_rhino_decoder.o)
                              ../../../../../sdk/mcu/lib/stm32f411/en\libpicovoice.a(pv_rhino.o) (taabe64)
../../../../../sdk/mcu/lib/stm32f411/en\libpicovoice.a(pv_rhino_decoder_fancy_slots.o)
                              ../../../../../sdk/mcu/lib/stm32f411/en\libpicovoice.a(pv_rhino_decoder.o) (taabe714)
../../../../../sdk/mcu/lib/stm32f411/en\libpicovoice.a(pv_cipher.o)
                              ../../../../../sdk/mcu/lib/stm32f411/en\libpicovoice.a(pv_porcupine_internal.o) (taabe490)
../../../../../sdk/mcu/lib/stm32f411/en\libpicovoice.a(pv_language.o)
                              ../../../../../sdk/mcu/lib/stm32f411/en\libpicovoice.a(pv_porcupine.o) (taabe267)
../../../../../sdk/mcu/lib/stm32f411/en\libpicovoice.a(pv_language_info_en.o)
                              ../../../../../sdk/mcu/lib/stm32f411/en\libpicovoice.a(pv_porcupine_internal.o) (PV_LANGUAGE_INFO)
../../../../../sdk/mcu/lib/stm32f411/en\libpicovoice.a(pv_memory.o)
                              ../../../../../sdk/mcu/lib/stm32f411/en\libpicovoice.a(pv_porcupine.o) (taabe653)
../../../../../sdk/mcu/lib/stm32f411/en\libpicovoice.a(pv_filterbank.o)
                              ../../../../../sdk/mcu/lib/stm32f411/en\libpicovoice.a(pv_porcupine_internal.o) (taabe734)
../../../../../sdk/mcu/lib/stm32f411/en\libpicovoice.a(pv_stft.o)
                              ../../../../../sdk/mcu/lib/stm32f411/en\libpicovoice.a(pv_filterbank.o) (taabe378)
../../../../../sdk/mcu/lib/stm32f411/en\libpicovoice.a(pv_access.o)
                              ../../../../../sdk/mcu/lib/stm32f411/en\libpicovoice.a(pv_picovoice.o) (taabe572)
../../../../../sdk/mcu/lib/stm32f411/en\libpicovoice.a(pv_log.o)
                              ../../../../../sdk/mcu/lib/stm32f411/en\libpicovoice.a(pv_porcupine.o) (taabe250)
../../../../../sdk/mcu/lib/stm32f411/en\libpicovoice.a(pv_fft.o)
                              ../../../../../sdk/mcu/lib/stm32f411/en\libpicovoice.a(pv_stft.o) (taabe72)
../../../../../sdk/mcu/lib/stm32f411/en\libpicovoice.a(pv_math.o)
                              ../../../../../sdk/mcu/lib/stm32f411/en\libpicovoice.a(pv_porcupine_internal.o) (taabe312)
../../../../../sdk/mcu/lib/stm32f411/en\libpicovoice.a(pv_online_token_classifier.o)
                              ../../../../../sdk/mcu/lib/stm32f411/en\libpicovoice.a(pv_porcupine_internal.o) (taabe194)
../../../../../sdk/mcu/lib/stm32f411/en\libpicovoice.a(pv_fc.o)
                              ../../../../../sdk/mcu/lib/stm32f411/en\libpicovoice.a(pv_online_token_classifier.o) (taabe703)
../../../../../sdk/mcu/lib/stm32f411/en\libpicovoice.a(pv_rnn.o)
                              ../../../../../sdk/mcu/lib/stm32f411/en\libpicovoice.a(pv_online_token_classifier.o) (taabe288)
../../../../../sdk/mcu/lib/stm32f411/en\libpicovoice.a(pv_softmax.o)
                              ../../../../../sdk/mcu/lib/stm32f411/en\libpicovoice.a(pv_online_token_classifier.o) (taabe358)
../../../../../sdk/mcu/lib/stm32f411/en\libpicovoice.a(pv_classifier_80_cortexm.o)
                              ../../../../../sdk/mcu/lib/stm32f411/en\libpicovoice.a(pv_porcupine_internal.o) (PV_PORCUPINE_CLASSIFIER_PARAM)
../../../../../sdk/mcu/lib/stm32f411/en\libpicovoice.a(pv_porcupine_decoder.o)
                              ../../../../../sdk/mcu/lib/stm32f411/en\libpicovoice.a(pv_porcupine_internal.o) (taabe521)
[...]
Memory Configuration

Name             Origin             Length             Attributes
RAM              0x0000000020000000 0x0000000000020000 xrw
FLASH            0x0000000008000000 0x0000000000080000 xr
*default*        0x0000000000000000 0xffffffffffffffff

Linker script and memory map

LOAD C:/ST/STM32CubeIDE_1.12.1/STM32CubeIDE/plugins/com.st.stm32cube.ide.mcu.externaltools.gnu-tools-for-stm32.11.3.rel1.win32_1.1.0.202305231506/tools/bin/../lib/gcc/arm-none-eabi/11.3.1/thumb/v7e-m+fp/hard/crti.o
LOAD C:/ST/STM32CubeIDE_1.12.1/STM32CubeIDE/plugins/com.st.stm32cube.ide.mcu.externaltools.gnu-tools-for-stm32.11.3.rel1.win32_1.1.0.202305231506/tools/bin/../lib/gcc/arm-none-eabi/11.3.1/thumb/v7e-m+fp/hard/crtbegin.o
LOAD C:/ST/STM32CubeIDE_1.12.1/STM32CubeIDE/plugins/com.st.stm32cube.ide.mcu.externaltools.gnu-tools-for-stm32.11.3.rel1.win32_1.1.0.202305231506/tools/bin/../lib/gcc/arm-none-eabi/11.3.1/../../../../arm-none-eabi/lib/thumb/v7e-m+fp/hard/crt0.o
LOAD ./Drivers/BSP/Components/cs43l22/cs43l22.o
LOAD ./Drivers/BSP/STM32F411E-Discovery/stm32f411e_discovery.o
LOAD ./Drivers/BSP/STM32F411E-Discovery/stm32f411e_discovery_audio.o
LOAD ./Drivers/STM32F4xx_HAL_Driver/Src/Legacy/stm32f4xx_hal_can.o
LOAD ./Drivers/STM32F4xx_HAL_Driver/Src/stm32f4xx_hal.o
LOAD ./Drivers/STM32F4xx_HAL_Driver/Src/stm32f4xx_hal_cortex.o
LOAD ./Drivers/STM32F4xx_HAL_Driver/Src/stm32f4xx_hal_dma.o
LOAD ./Drivers/STM32F4xx_HAL_Driver/Src/stm32f4xx_hal_gpio.o
LOAD ./Drivers/STM32F4xx_HAL_Driver/Src/stm32f4xx_hal_i2s.o
LOAD ./Drivers/STM32F4xx_HAL_Driver/Src/stm32f4xx_hal_i2s_ex.o
LOAD ./Drivers/STM32F4xx_HAL_Driver/Src/stm32f4xx_hal_pwr.o
LOAD ./Drivers/STM32F4xx_HAL_Driver/Src/stm32f4xx_hal_rcc.o
LOAD ./Drivers/STM32F4xx_HAL_Driver/Src/stm32f4xx_hal_rcc_ex.o
LOAD ./Src/main.o
LOAD ./Src/pv_audio_rec.o
LOAD ./Src/pv_st_f411.o
LOAD ./Src/stm32f4xx_hal_msp.o
LOAD ./Src/stm32f4xx_it.o
LOAD ./Src/syscalls.o
LOAD ./Src/sysmem.o
LOAD ./Src/system_stm32f4xx.o
LOAD ./Startup/startup_stm32f411vetx.o
LOAD ../Middlewares/ST/STM32_Audio/Addons/PDM/Lib/\libPDMFilter_CM4_GCC_wc32.a
LOAD ../../../../../sdk/mcu/lib/stm32f411/en\libpicovoice.a
START GROUP
LOAD C:/ST/STM32CubeIDE_1.12.1/STM32CubeIDE/plugins/com.st.stm32cube.ide.mcu.externaltools.gnu-tools-for-stm32.11.3.rel1.win32_1.1.0.202305231506/tools/bin/../lib/gcc/arm-none-eabi/11.3.1/../../../../arm-none-eabi/lib/thumb/v7e-m+fp/hard\libc_nano.a
LOAD C:/ST/STM32CubeIDE_1.12.1/STM32CubeIDE/plugins/com.st.stm32cube.ide.mcu.externaltools.gnu-tools-for-stm32.11.3.rel1.win32_1.1.0.202305231506/tools/bin/../lib/gcc/arm-none-eabi/11.3.1/../../../../arm-none-eabi/lib/thumb/v7e-m+fp/hard\libm.a
END GROUP
START GROUP
LOAD C:/ST/STM32CubeIDE_1.12.1/STM32CubeIDE/plugins/com.st.stm32cube.ide.mcu.externaltools.gnu-tools-for-stm32.11.3.rel1.win32_1.1.0.202305231506/tools/bin/../lib/gcc/arm-none-eabi/11.3.1/thumb/v7e-m+fp/hard\libgcc.a
LOAD C:/ST/STM32CubeIDE_1.12.1/STM32CubeIDE/plugins/com.st.stm32cube.ide.mcu.externaltools.gnu-tools-for-stm32.11.3.rel1.win32_1.1.0.202305231506/tools/bin/../lib/gcc/arm-none-eabi/11.3.1/../../../../arm-none-eabi/lib/thumb/v7e-m+fp/hard\libc_nano.a
END GROUP
START GROUP
LOAD C:/ST/STM32CubeIDE_1.12.1/STM32CubeIDE/plugins/com.st.stm32cube.ide.mcu.externaltools.gnu-tools-for-stm32.11.3.rel1.win32_1.1.0.202305231506/tools/bin/../lib/gcc/arm-none-eabi/11.3.1/thumb/v7e-m+fp/hard\libgcc.a
LOAD C:/ST/STM32CubeIDE_1.12.1/STM32CubeIDE/plugins/com.st.stm32cube.ide.mcu.externaltools.gnu-tools-for-stm32.11.3.rel1.win32_1.1.0.202305231506/tools/bin/../lib/gcc/arm-none-eabi/11.3.1/../../../../arm-none-eabi/lib/thumb/v7e-m+fp/hard\libc_nano.a
LOAD C:/ST/STM32CubeIDE_1.12.1/STM32CubeIDE/plugins/com.st.stm32cube.ide.mcu.externaltools.gnu-tools-for-stm32.11.3.rel1.win32_1.1.0.202305231506/tools/bin/../lib/gcc/arm-none-eabi/11.3.1/../../../../arm-none-eabi/lib/thumb/v7e-m+fp/hard\libnosys.a
END GROUP
START GROUP
LOAD C:/ST/STM32CubeIDE_1.12.1/STM32CubeIDE/plugins/com.st.stm32cube.ide.mcu.externaltools.gnu-tools-for-stm32.11.3.rel1.win32_1.1.0.202305231506/tools/bin/../lib/gcc/arm-none-eabi/11.3.1/thumb/v7e-m+fp/hard\libgcc.a
LOAD C:/ST/STM32CubeIDE_1.12.1/STM32CubeIDE/plugins/com.st.stm32cube.ide.mcu.externaltools.gnu-tools-for-stm32.11.3.rel1.win32_1.1.0.202305231506/tools/bin/../lib/gcc/arm-none-eabi/11.3.1/../../../../arm-none-eabi/lib/thumb/v7e-m+fp/hard\libc_nano.a
LOAD C:/ST/STM32CubeIDE_1.12.1/STM32CubeIDE/plugins/com.st.stm32cube.ide.mcu.externaltools.gnu-tools-for-stm32.11.3.rel1.win32_1.1.0.202305231506/tools/bin/../lib/gcc/arm-none-eabi/11.3.1/../../../../arm-none-eabi/lib/thumb/v7e-m+fp/hard\libnosys.a
END GROUP
LOAD C:/ST/STM32CubeIDE_1.12.1/STM32CubeIDE/plugins/com.st.stm32cube.ide.mcu.externaltools.gnu-tools-for-stm32.11.3.rel1.win32_1.1.0.202305231506/tools/bin/../lib/gcc/arm-none-eabi/11.3.1/thumb/v7e-m+fp/hard/crtend.o
LOAD C:/ST/STM32CubeIDE_1.12.1/STM32CubeIDE/plugins/com.st.stm32cube.ide.mcu.externaltools.gnu-tools-for-stm32.11.3.rel1.win32_1.1.0.202305231506/tools/bin/../lib/gcc/arm-none-eabi/11.3.1/thumb/v7e-m+fp/hard/crtn.o
                0x0000000020020000                _estack = (ORIGIN (RAM) + LENGTH (RAM))
                0x0000000000000200                _Min_Heap_Size = 0x200
                0x0000000000000400                _Min_Stack_Size = 0x400

.isr_vector     0x0000000008000000      0x198
                0x0000000008000000                . = ALIGN (0x4)
 *(.isr_vector)
 .isr_vector    0x0000000008000000      0x198 ./Startup/startup_stm32f411vetx.o
                0x0000000008000000                g_pfnVectors
                0x0000000008000198                . = ALIGN (0x4)

.text           0x00000000080001a0     0xabfc
                0x00000000080001a0                . = ALIGN (0x4)
 *(.text)
 .text          0x00000000080001a0       0x40 C:/ST/STM32CubeIDE_1.12.1/STM32CubeIDE/plugins/com.st.stm32cube.ide.mcu.externaltools.gnu-tools-for-stm32.11.3.rel1.win32_1.1.0.202305231506/tools/bin/../lib/gcc/arm-none-eabi/11.3.1/thumb/v7e-m+fp/hard/crtbegin.o
 .text          0x00000000080001e0       0xa0 C:/ST/STM32CubeIDE_1.12.1/STM32CubeIDE/plugins/com.st.stm32cube.ide.mcu.externaltools.gnu-tools-for-stm32.11.3.rel1.win32_1.1.0.202305231506/tools/bin/../lib/gcc/arm-none-eabi/11.3.1/../../../../arm-none-eabi/lib/thumb/v7e-m+fp/hard\libc_nano.a(libc_a-memchr.o)
                0x00000000080001e0                memchr
 .text          0x0000000008000280       0x10 C:/ST/STM32CubeIDE_1.12.1/STM32CubeIDE/plugins/com.st.stm32cube.ide.mcu.externaltools.gnu-tools-for-stm32.11.3.rel1.win32_1.1.0.202305231506/tools/bin/../lib/gcc/arm-none-eabi/11.3.1/../../../../arm-none-eabi/lib/thumb/v7e-m+fp/hard\libc_nano.a(libc_a-strlen.o)
                0x0000000008000280                strlen
 .text          0x0000000008000290      0x378 C:/ST/STM32CubeIDE_1.12.1/STM32CubeIDE/plugins/com.st.stm32cube.ide.mcu.externaltools.gnu-tools-for-stm32.11.3.rel1.win32_1.1.0.202305231506/tools/bin/../lib/gcc/arm-none-eabi/11.3.1/thumb/v7e-m+fp/hard\libgcc.a(_arm_addsubdf3.o)
                0x0000000008000290                __aeabi_drsub
                0x0000000008000298                __aeabi_dsub
                0x0000000008000298                __subdf3
                0x000000000800029c                __aeabi_dadd
                0x000000000800029c                __adddf3
                0x0000000008000514                __floatunsidf
                0x0000000008000514                __aeabi_ui2d
                0x0000000008000534                __floatsidf
                0x0000000008000534                __aeabi_i2d
                0x0000000008000558                __aeabi_f2d
                0x0000000008000558                __extendsfdf2
                0x000000000800059c                __floatundidf
                0x000000000800059c                __aeabi_ul2d
                0x00000000080005ac                __floatdidf
                0x00000000080005ac                __aeabi_l2d
 .text          0x0000000008000608       0xa0 C:/ST/STM32CubeIDE_1.12.1/STM32CubeIDE/plugins/com.st.stm32cube.ide.mcu.externaltools.gnu-tools-for-stm32.11.3.rel1.win32_1.1.0.202305231506/tools/bin/../lib/gcc/arm-none-eabi/11.3.1/thumb/v7e-m+fp/hard\libgcc.a(_aeabi_ldivmod.o)
                0x0000000008000608                __aeabi_ldivmod
 .text          0x00000000080006a8       0x30 C:/ST/STM32CubeIDE_1.12.1/STM32CubeIDE/plugins/com.st.stm32cube.ide.mcu.externaltools.gnu-tools-for-stm32.11.3.rel1.win32_1.1.0.202305231506/tools/bin/../lib/gcc/arm-none-eabi/11.3.1/thumb/v7e-m+fp/hard\libgcc.a(_aeabi_uldivmod.o)
                0x00000000080006a8                __aeabi_uldivmod
 .text          0x00000000080006d8       0x28 C:/ST/STM32CubeIDE_1.12.1/STM32CubeIDE/plugins/com.st.stm32cube.ide.mcu.externaltools.gnu-tools-for-stm32.11.3.rel1.win32_1.1.0.202305231506/tools/bin/../lib/gcc/arm-none-eabi/11.3.1/thumb/v7e-m+fp/hard\libgcc.a(_fixsfdi.o)
                0x00000000080006d8                __fixsfdi
                0x00000000080006d8                __aeabi_f2lz
 .text          0x0000000008000700       0x40 C:/ST/STM32CubeIDE_1.12.1/STM32CubeIDE/plugins/com.st.stm32cube.ide.mcu.externaltools.gnu-tools-for-stm32.11.3.rel1.win32_1.1.0.202305231506/tools/bin/../lib/gcc/arm-none-eabi/11.3.1/thumb/v7e-m+fp/hard\libgcc.a(_fixunssfdi.o)
                0x0000000008000700                __fixunssfdi
                0x0000000008000700                __aeabi_f2ulz
 .text          0x0000000008000740      0x2c8 C:/ST/STM32CubeIDE_1.12.1/STM32CubeIDE/plugins/com.st.stm32cube.ide.mcu.externaltools.gnu-tools-for-stm32.11.3.rel1.win32_1.1.0.202305231506/tools/bin/../lib/gcc/arm-none-eabi/11.3.1/thumb/v7e-m+fp/hard\libgcc.a(_udivmoddi4.o)
                0x0000000008000740                __udivmoddi4
 .text          0x0000000008000a08      0x254 C:/ST/STM32CubeIDE_1.12.1/STM32CubeIDE/plugins/com.st.stm32cube.ide.mcu.externaltools.gnu-tools-for-stm32.11.3.rel1.win32_1.1.0.202305231506/tools/bin/../lib/gcc/arm-none-eabi/11.3.1/thumb/v7e-m+fp/hard\libgcc.a(_arm_muldf3.o)
                0x0000000008000a08                __muldf3
                0x0000000008000a08                __aeabi_dmul
 .text          0x0000000008000c5c        0x4 C:/ST/STM32CubeIDE_1.12.1/STM32CubeIDE/plugins/com.st.stm32cube.ide.mcu.externaltools.gnu-tools-for-stm32.11.3.rel1.win32_1.1.0.202305231506/tools/bin/../lib/gcc/arm-none-eabi/11.3.1/thumb/v7e-m+fp/hard\libgcc.a(_dvmd_tls.o)
                0x0000000008000c5c                __aeabi_idiv0
                0x0000000008000c5c                __aeabi_ldiv0
 .text          0x0000000008000c60       0x40 C:/ST/STM32CubeIDE_1.12.1/STM32CubeIDE/plugins/com.st.stm32cube.ide.mcu.externaltools.gnu-tools-for-stm32.11.3.rel1.win32_1.1.0.202305231506/tools/bin/../lib/gcc/arm-none-eabi/11.3.1/thumb/v7e-m+fp/hard\libgcc.a(_arm_fixunsdfsi.o)
                0x0000000008000c60                __aeabi_d2uiz
                0x0000000008000c60                __fixunsdfsi
 *(.text*)
 .text.BSP_LED_Init
                0x0000000008000ca0       0xb4 ./Drivers/BSP/STM32F411E-Discovery/stm32f411e_discovery.o
                0x0000000008000ca0                BSP_LED_Init
 .text.BSP_LED_On
                0x0000000008000d54       0x1c ./Drivers/BSP/STM32F411E-Discovery/stm32f411e_discovery.o
                0x0000000008000d54                BSP_LED_On
 .text.BSP_LED_Off
                0x0000000008000d70       0x1c ./Drivers/BSP/STM32F411E-Discovery/stm32f411e_discovery.o
                0x0000000008000d70                BSP_LED_Off
 .text.BSP_LED_Toggle
                0x0000000008000d8c       0x18 ./Drivers/BSP/STM32F411E-Discovery/stm32f411e_discovery.o
                0x0000000008000d8c                BSP_LED_Toggle
 .text.BSP_AUDIO_OUT_TransferComplete_CallBack
                0x0000000008000da4        0x4 ./Drivers/BSP/STM32F411E-Discovery/stm32f411e_discovery_audio.o
                0x0000000008000da4                BSP_AUDIO_OUT_TransferComplete_CallBack
 .text.HAL_I2S_TxCpltCallback
                0x0000000008000da8       0x18 ./Drivers/BSP/STM32F411E-Discovery/stm32f411e_discovery_audio.o
                0x0000000008000da8                HAL_I2S_TxCpltCallback
 .text.BSP_AUDIO_OUT_Error_CallBack
                0x0000000008000dc0        0x4 ./Drivers/BSP/STM32F411E-Discovery/stm32f411e_discovery_audio.o
                0x0000000008000dc0                BSP_AUDIO_OUT_Error_CallBack
 .text.BSP_AUDIO_IN_Record
                0x0000000008000dc4       0x18 ./Drivers/BSP/STM32F411E-Discovery/stm32f411e_discovery_audio.o
                0x0000000008000dc4                BSP_AUDIO_IN_Record
 .text.BSP_AUDIO_IN_SetVolume
                0x0000000008000ddc        0xc ./Drivers/BSP/STM32F411E-Discovery/stm32f411e_discovery_audio.o
                0x0000000008000ddc                BSP_AUDIO_IN_SetVolume
 .text.BSP_AUDIO_IN_PDMToPCM
                0x0000000008000de8       0x44 ./Drivers/BSP/STM32F411E-Discovery/stm32f411e_discovery_audio.o
                0x0000000008000de8                BSP_AUDIO_IN_PDMToPCM
 .text.BSP_AUDIO_IN_ClockConfig
                0x0000000008000e2c       0x34 ./Drivers/BSP/STM32F411E-Discovery/stm32f411e_discovery_audio.o
                0x0000000008000e2c                BSP_AUDIO_IN_ClockConfig
 .text.BSP_AUDIO_IN_MspInit
                0x0000000008000e60      0x100 ./Drivers/BSP/STM32F411E-Discovery/stm32f411e_discovery_audio.o
                0x0000000008000e60                BSP_AUDIO_IN_MspInit
 .text.BSP_AUDIO_IN_Init
                0x0000000008000f60       0xf4 ./Drivers/BSP/STM32F411E-Discovery/stm32f411e_discovery_audio.o
                0x0000000008000f60                BSP_AUDIO_IN_Init
 .text.HAL_I2S_RxCpltCallback
                0x0000000008001054        0x8 ./Drivers/BSP/STM32F411E-Discovery/stm32f411e_discovery_audio.o
                0x0000000008001054                HAL_I2S_RxCpltCallback
 .text.HAL_I2S_RxHalfCpltCallback
                0x000000000800105c        0x8 ./Drivers/BSP/STM32F411E-Discovery/stm32f411e_discovery_audio.o
                0x000000000800105c                HAL_I2S_RxHalfCpltCallback
 .text.BSP_AUDIO_IN_Error_Callback
                0x0000000008001064        0x4 ./Drivers/BSP/STM32F411E-Discovery/stm32f411e_discovery_audio.o
                0x0000000008001064                BSP_AUDIO_IN_Error_Callback
 .text.HAL_I2S_ErrorCallback
                0x0000000008001068       0x2c ./Drivers/BSP/STM32F411E-Discovery/stm32f411e_discovery_audio.o
                0x0000000008001068                HAL_I2S_ErrorCallback
 .text.HAL_InitTick
                0x0000000008001094       0x48 ./Drivers/STM32F4xx_HAL_Driver/Src/stm32f4xx_hal.o
                0x0000000008001094                HAL_InitTick
 .text.HAL_Init
                0x00000000080010dc       0x34 ./Drivers/STM32F4xx_HAL_Driver/Src/stm32f4xx_hal.o
                0x00000000080010dc                HAL_Init
 .text.HAL_IncTick
                0x0000000008001110       0x18 ./Drivers/STM32F4xx_HAL_Driver/Src/stm32f4xx_hal.o
                0x0000000008001110                HAL_IncTick
 .text.HAL_GetTick
                0x0000000008001128        0xc ./Drivers/STM32F4xx_HAL_Driver/Src/stm32f4xx_hal.o
                0x0000000008001128                HAL_GetTick
 .text.HAL_Delay
                0x0000000008001134       0x24 ./Drivers/STM32F4xx_HAL_Driver/Src/stm32f4xx_hal.o
                0x0000000008001134                HAL_Delay
 .text.HAL_NVIC_SetPriorityGrouping
                0x0000000008001158       0x24 ./Drivers/STM32F4xx_HAL_Driver/Src/stm32f4xx_hal_cortex.o
                0x0000000008001158                HAL_NVIC_SetPriorityGrouping
 .text.HAL_NVIC_SetPriority
                0x000000000800117c       0x7c ./Drivers/STM32F4xx_HAL_Driver/Src/stm32f4xx_hal_cortex.o
                0x000000000800117c                HAL_NVIC_SetPriority
 .text.HAL_NVIC_EnableIRQ
                0x00000000080011f8       0x1c ./Drivers/STM32F4xx_HAL_Driver/Src/stm32f4xx_hal_cortex.o
                0x00000000080011f8                HAL_NVIC_EnableIRQ
 .text.HAL_SYSTICK_Config
                0x0000000008001214       0x34 ./Drivers/STM32F4xx_HAL_Driver/Src/stm32f4xx_hal_cortex.o
                0x0000000008001214                HAL_SYSTICK_Config
 .text.HAL_DMA_Init
                0x0000000008001248      0x130 ./Drivers/STM32F4xx_HAL_Driver/Src/stm32f4xx_hal_dma.o
                0x0000000008001248                HAL_DMA_Init
 .text.HAL_DMA_DeInit
                0x0000000008001378       0x80 ./Drivers/STM32F4xx_HAL_Driver/Src/stm32f4xx_hal_dma.o
                0x0000000008001378                HAL_DMA_DeInit
 .text.HAL_DMA_Start_IT
                0x00000000080013f8       0x80 ./Drivers/STM32F4xx_HAL_Driver/Src/stm32f4xx_hal_dma.o
                0x00000000080013f8                HAL_DMA_Start_IT
 .text.HAL_DMA_IRQHandler
                0x0000000008001478      0x1ac ./Drivers/STM32F4xx_HAL_Driver/Src/stm32f4xx_hal_dma.o
                0x0000000008001478                HAL_DMA_IRQHandler
 .text.HAL_GPIO_Init
                0x0000000008001624      0x214 ./Drivers/STM32F4xx_HAL_Driver/Src/stm32f4xx_hal_gpio.o
                0x0000000008001624                HAL_GPIO_Init
 .text.HAL_GPIO_WritePin
                0x0000000008001838        0x8 ./Drivers/STM32F4xx_HAL_Driver/Src/stm32f4xx_hal_gpio.o
                0x0000000008001838                HAL_GPIO_WritePin
 .text.HAL_GPIO_TogglePin
                0x0000000008001840       0x10 ./Drivers/STM32F4xx_HAL_Driver/Src/stm32f4xx_hal_gpio.o
                0x0000000008001840                HAL_GPIO_TogglePin
 .text.HAL_I2S_MspInit
                0x0000000008001850        0x4 ./Drivers/STM32F4xx_HAL_Driver/Src/stm32f4xx_hal_i2s.o
                0x0000000008001850                HAL_I2S_MspInit
 .text.HAL_I2S_Init
                0x0000000008001854      0x144 ./Drivers/STM32F4xx_HAL_Driver/Src/stm32f4xx_hal_i2s.o
                0x0000000008001854                HAL_I2S_Init
 .text.HAL_I2S_Receive_DMA
                0x0000000008001998       0xec ./Drivers/STM32F4xx_HAL_Driver/Src/stm32f4xx_hal_i2s.o
                0x0000000008001998                HAL_I2S_Receive_DMA
 .text.I2S_DMARxHalfCplt
                0x0000000008001a84        0xc ./Drivers/STM32F4xx_HAL_Driver/Src/stm32f4xx_hal_i2s.o
 .text.I2S_DMARxCplt
                0x0000000008001a90       0x24 ./Drivers/STM32F4xx_HAL_Driver/Src/stm32f4xx_hal_i2s.o
 .text.I2S_IRQHandler
                0x0000000008001ab4      0x108 ./Drivers/STM32F4xx_HAL_Driver/Src/stm32f4xx_hal_i2s.o
 .text.I2S_DMAError
                0x0000000008001bbc       0x2c ./Drivers/STM32F4xx_HAL_Driver/Src/stm32f4xx_hal_i2s.o
 .text.HAL_I2S_GetState
                0x0000000008001be8        0x8 ./Drivers/STM32F4xx_HAL_Driver/Src/stm32f4xx_hal_i2s.o
                0x0000000008001be8                HAL_I2S_GetState
 .text.HAL_I2SEx_TxRxCpltCallback
                0x0000000008001bf0        0x4 ./Drivers/STM32F4xx_HAL_Driver/Src/stm32f4xx_hal_i2s_ex.o
                0x0000000008001bf0                HAL_I2SEx_TxRxCpltCallback
 .text.HAL_I2SEx_FullDuplex_IRQHandler
                0x0000000008001bf4      0x25c ./Drivers/STM32F4xx_HAL_Driver/Src/stm32f4xx_hal_i2s_ex.o
                0x0000000008001bf4                HAL_I2SEx_FullDuplex_IRQHandler
 .text.HAL_RCC_OscConfig
                0x0000000008001e50      0x3b8 ./Drivers/STM32F4xx_HAL_Driver/Src/stm32f4xx_hal_rcc.o
                0x0000000008001e50                HAL_RCC_OscConfig
 .text.HAL_RCC_GetSysClockFreq
                0x0000000008002208       0x68 ./Drivers/STM32F4xx_HAL_Driver/Src/stm32f4xx_hal_rcc.o
                0x0000000008002208                HAL_RCC_GetSysClockFreq
 .text.HAL_RCC_ClockConfig
                0x0000000008002270      0x13c ./Drivers/STM32F4xx_HAL_Driver/Src/stm32f4xx_hal_rcc.o
                0x0000000008002270                HAL_RCC_ClockConfig
 .text.HAL_RCCEx_PeriphCLKConfig
                0x00000000080023ac      0x158 ./Drivers/STM32F4xx_HAL_Driver/Src/stm32f4xx_hal_rcc_ex.o
                0x00000000080023ac                HAL_RCCEx_PeriphCLKConfig
 .text.HAL_RCCEx_GetPeriphCLKConfig
                0x0000000008002504       0x44 ./Drivers/STM32F4xx_HAL_Driver/Src/stm32f4xx_hal_rcc_ex.o
                0x0000000008002504                HAL_RCCEx_GetPeriphCLKConfig
 .text.HAL_RCCEx_GetPeriphCLKFreq
                0x0000000008002548       0x50 ./Drivers/STM32F4xx_HAL_Driver/Src/stm32f4xx_hal_rcc_ex.o
                0x0000000008002548                HAL_RCCEx_GetPeriphCLKFreq
 .text.inference_callback
                0x0000000008002598       0xc0 ./Src/main.o
 .text.wake_word_callback
                0x0000000008002658       0x18 ./Src/main.o
 .text.startup.main
                0x0000000008002670      0x134 ./Src/main.o
                0x0000000008002670                main
 .text.pv_audio_rec_init
                0x00000000080027a4       0x38 ./Src/pv_audio_rec.o
                0x00000000080027a4                pv_audio_rec_init
 .text.pv_audio_rec_start
                0x00000000080027dc       0x20 ./Src/pv_audio_rec.o
                0x00000000080027dc                pv_audio_rec_start
 .text.pv_audio_rec_get_new_buffer
                0x00000000080027fc       0x2c ./Src/pv_audio_rec.o
                0x00000000080027fc                pv_audio_rec_get_new_buffer
 .text.BSP_AUDIO_IN_TransferComplete_CallBack
                0x0000000008002828       0x68 ./Src/pv_audio_rec.o
                0x0000000008002828                BSP_AUDIO_IN_TransferComplete_CallBack
 .text.BSP_AUDIO_IN_HalfTransfer_CallBack
                0x0000000008002890       0x68 ./Src/pv_audio_rec.o
                0x0000000008002890                BSP_AUDIO_IN_HalfTransfer_CallBack
 .text.pv_get_uuid
                0x00000000080028f8        0x8 ./Src/pv_st_f411.o
                0x00000000080028f8                pv_get_uuid
 .text.pv_get_uuid_size
                0x0000000008002900        0x4 ./Src/pv_st_f411.o
                0x0000000008002900                pv_get_uuid_size
 .text.pv_board_init
                0x0000000008002904       0xc4 ./Src/pv_st_f411.o
                0x0000000008002904                pv_board_init
 .text.__io_putchar
                0x00000000080029c8       0x28 ./Src/pv_st_f411.o
                0x00000000080029c8                __io_putchar
 .text.HAL_MspInit
                0x00000000080029f0       0x3c ./Src/stm32f4xx_hal_msp.o
                0x00000000080029f0                HAL_MspInit
 .text.NMI_Handler
                0x0000000008002a2c        0x4 ./Src/stm32f4xx_it.o
                0x0000000008002a2c                NMI_Handler
 .text.HardFault_Handler
                0x0000000008002a30        0x4 ./Src/stm32f4xx_it.o
                0x0000000008002a30                HardFault_Handler
 .text.MemManage_Handler
                0x0000000008002a34        0x4 ./Src/stm32f4xx_it.o
                0x0000000008002a34                MemManage_Handler
 .text.BusFault_Handler
                0x0000000008002a38        0x4 ./Src/stm32f4xx_it.o
                0x0000000008002a38                BusFault_Handler
 .text.UsageFault_Handler
                0x0000000008002a3c        0x4 ./Src/stm32f4xx_it.o
                0x0000000008002a3c                UsageFault_Handler
 .text.SVC_Handler
                0x0000000008002a40        0x4 ./Src/stm32f4xx_it.o
                0x0000000008002a40                SVC_Handler
 .text.DebugMon_Handler
                0x0000000008002a44        0x4 ./Src/stm32f4xx_it.o
                0x0000000008002a44                DebugMon_Handler
 .text.PendSV_Handler
                0x0000000008002a48        0x4 ./Src/stm32f4xx_it.o
                0x0000000008002a48                PendSV_Handler
 .text.SysTick_Handler
                0x0000000008002a4c        0x4 ./Src/stm32f4xx_it.o
                0x0000000008002a4c                SysTick_Handler
 .text.DMA1_Stream7_IRQHandler
                0x0000000008002a50        0xc ./Src/stm32f4xx_it.o
                0x0000000008002a50                DMA1_Stream7_IRQHandler
 .text.DMA1_Stream3_IRQHandler
                0x0000000008002a5c        0xc ./Src/stm32f4xx_it.o
                0x0000000008002a5c                DMA1_Stream3_IRQHandler
 .text._read    0x0000000008002a68       0x1c ./Src/syscalls.o
                0x0000000008002a68                _read
 .text._write   0x0000000008002a84       0x1c ./Src/syscalls.o
                0x0000000008002a84                _write
 .text._close   0x0000000008002aa0        0x8 ./Src/syscalls.o
                0x0000000008002aa0                _close
 .text._fstat   0x0000000008002aa8        0xc ./Src/syscalls.o
                0x0000000008002aa8                _fstat
 .text._isatty  0x0000000008002ab4        0x4 ./Src/syscalls.o
                0x0000000008002ab4                _isatty
 .text._lseek   0x0000000008002ab8        0x4 ./Src/syscalls.o
                0x0000000008002ab8                _lseek
 .text._sbrk    0x0000000008002abc       0x44 ./Src/sysmem.o
                0x0000000008002abc                _sbrk
 .text.SystemInit
                0x0000000008002b00       0x1c ./Src/system_stm32f4xx.o
                0x0000000008002b00                SystemInit
 .text.Reset_Handler
                0x0000000008002b1c       0x50 ./Startup/startup_stm32f411vetx.o
                0x0000000008002b1c                Reset_Handler
 .text.Default_Handler
                0x0000000008002b6c        0x2 ./Startup/startup_stm32f411vetx.o
                0x0000000008002b6c                RTC_Alarm_IRQHandler
                0x0000000008002b6c                EXTI2_IRQHandler
                0x0000000008002b6c                SPI4_IRQHandler
                0x0000000008002b6c                TIM1_CC_IRQHandler
                0x0000000008002b6c                DMA2_Stream5_IRQHandler
                0x0000000008002b6c                DMA1_Stream5_IRQHandler
                0x0000000008002b6c                PVD_IRQHandler
                0x0000000008002b6c                SDIO_IRQHandler
                0x0000000008002b6c                TAMP_STAMP_IRQHandler
                0x0000000008002b6c                EXTI3_IRQHandler
                0x0000000008002b6c                TIM1_UP_TIM10_IRQHandler
                0x0000000008002b6c                I2C3_ER_IRQHandler
                0x0000000008002b6c                EXTI0_IRQHandler
                0x0000000008002b6c                I2C2_EV_IRQHandler
                0x0000000008002b6c                DMA1_Stream2_IRQHandler
                0x0000000008002b6c                FPU_IRQHandler
                0x0000000008002b6c                DMA2_Stream2_IRQHandler
                0x0000000008002b6c                SPI1_IRQHandler
                0x0000000008002b6c                TIM1_BRK_TIM9_IRQHandler
                0x0000000008002b6c                DMA2_Stream3_IRQHandler
                0x0000000008002b6c                USART6_IRQHandler
                0x0000000008002b6c                DMA2_Stream0_IRQHandler
                0x0000000008002b6c                TIM4_IRQHandler
                0x0000000008002b6c                I2C1_EV_IRQHandler
                0x0000000008002b6c                DMA1_Stream6_IRQHandler
                0x0000000008002b6c                DMA1_Stream1_IRQHandler
                0x0000000008002b6c                TIM3_IRQHandler
                0x0000000008002b6c                RCC_IRQHandler
                0x0000000008002b6c                Default_Handler
                0x0000000008002b6c                EXTI15_10_IRQHandler
                0x0000000008002b6c                ADC_IRQHandler
                0x0000000008002b6c                SPI5_IRQHandler
                0x0000000008002b6c                TIM5_IRQHandler
                0x0000000008002b6c                DMA2_Stream7_IRQHandler
                0x0000000008002b6c                I2C3_EV_IRQHandler
                0x0000000008002b6c                EXTI9_5_IRQHandler
                0x0000000008002b6c                RTC_WKUP_IRQHandler
                0x0000000008002b6c                SPI2_IRQHandler
                0x0000000008002b6c                DMA1_Stream0_IRQHandler
                0x0000000008002b6c                EXTI4_IRQHandler
                0x0000000008002b6c                WWDG_IRQHandler
                0x0000000008002b6c                TIM2_IRQHandler
                0x0000000008002b6c                OTG_FS_WKUP_IRQHandler
                0x0000000008002b6c                TIM1_TRG_COM_TIM11_IRQHandler
                0x0000000008002b6c                EXTI1_IRQHandler
                0x0000000008002b6c                USART2_IRQHandler
                0x0000000008002b6c                I2C2_ER_IRQHandler
                0x0000000008002b6c                DMA2_Stream1_IRQHandler
                0x0000000008002b6c                FLASH_IRQHandler
                0x0000000008002b6c                DMA2_Stream4_IRQHandler
                0x0000000008002b6c                USART1_IRQHandler
                0x0000000008002b6c                OTG_FS_IRQHandler
                0x0000000008002b6c                SPI3_IRQHandler
                0x0000000008002b6c                DMA1_Stream4_IRQHandler
                0x0000000008002b6c                I2C1_ER_IRQHandler
                0x0000000008002b6c                DMA2_Stream6_IRQHandler
 *fill*         0x0000000008002b6e        0x2 
 .text.D16_GENERIC
                0x0000000008002b70      0x120 ../Middlewares/ST/STM32_Audio/Addons/PDM/Lib/\libPDMFilter_CM4_GCC_wc32.a(pdm_filter.o)
 .text.D24_GENERIC
                0x0000000008002c90      0x190 ../Middlewares/ST/STM32_Audio/Addons/PDM/Lib/\libPDMFilter_CM4_GCC_wc32.a(pdm_filter.o)
 .text.D32_GENERIC
                0x0000000008002e20      0x198 ../Middlewares/ST/STM32_Audio/Addons/PDM/Lib/\libPDMFilter_CM4_GCC_wc32.a(pdm_filter.o)
 .text.D48_GENERIC
                0x0000000008002fb8      0x1ec ../Middlewares/ST/STM32_Audio/Addons/PDM/Lib/\libPDMFilter_CM4_GCC_wc32.a(pdm_filter.o)
 .text.D64_GENERIC
                0x00000000080031a4      0x220 ../Middlewares/ST/STM32_Audio/Addons/PDM/Lib/\libPDMFilter_CM4_GCC_wc32.a(pdm_filter.o)
 .text.D80_GENERIC
                0x00000000080033c4      0x2a0 ../Middlewares/ST/STM32_Audio/Addons/PDM/Lib/\libPDMFilter_CM4_GCC_wc32.a(pdm_filter.o)
 .text.D128_GENERIC
                0x0000000008003664      0x3f0 ../Middlewares/ST/STM32_Audio/Addons/PDM/Lib/\libPDMFilter_CM4_GCC_wc32.a(pdm_filter.o)
 .text.D16_1CH_HTONS_VOL_HP
                0x0000000008003a54       0xe4 ../Middlewares/ST/STM32_Audio/Addons/PDM/Lib/\libPDMFilter_CM4_GCC_wc32.a(pdm_filter.o)
 .text.D24_1CH_HTONS_VOL_HP
                0x0000000008003b38      0x138 ../Middlewares/ST/STM32_Audio/Addons/PDM/Lib/\libPDMFilter_CM4_GCC_wc32.a(pdm_filter.o)
 .text.D32_1CH_HTONS_VOL_HP
                0x0000000008003c70      0x144 ../Middlewares/ST/STM32_Audio/Addons/PDM/Lib/\libPDMFilter_CM4_GCC_wc32.a(pdm_filter.o)
 .text.D48_1CH_HTONS_VOL_HP
                0x0000000008003db4      0x16c ../Middlewares/ST/STM32_Audio/Addons/PDM/Lib/\libPDMFilter_CM4_GCC_wc32.a(pdm_filter.o)
 .text.D64_1CH_HTONS_VOL_HP
                0x0000000008003f20      0x1b8 ../Middlewares/ST/STM32_Audio/Addons/PDM/Lib/\libPDMFilter_CM4_GCC_wc32.a(pdm_filter.o)
 .text.D80_1CH_HTONS_VOL_HP
                0x00000000080040d8      0x214 ../Middlewares/ST/STM32_Audio/Addons/PDM/Lib/\libPDMFilter_CM4_GCC_wc32.a(pdm_filter.o)
 .text.D128_1CH_HTONS_VOL_HP
                0x00000000080042ec      0x324 ../Middlewares/ST/STM32_Audio/Addons/PDM/Lib/\libPDMFilter_CM4_GCC_wc32.a(pdm_filter.o)
 .text.PDM_Filter_Init
                0x0000000008004610      0x114 ../Middlewares/ST/STM32_Audio/Addons/PDM/Lib/\libPDMFilter_CM4_GCC_wc32.a(pdm_filter.o)
                0x0000000008004610                PDM_Filter_Init
 .text.PDM_Filter_setConfig
                0x0000000008004724      0x1e4 ../Middlewares/ST/STM32_Audio/Addons/PDM/Lib/\libPDMFilter_CM4_GCC_wc32.a(pdm_filter.o)
                0x0000000008004724                PDM_Filter_setConfig
 .text.PDM_Filter
                0x0000000008004908       0x38 ../Middlewares/ST/STM32_Audio/Addons/PDM/Lib/\libPDMFilter_CM4_GCC_wc32.a(pdm_filter.o)
                0x0000000008004908                PDM_Filter
 .text.CRC_Lock
                0x0000000008004940       0x7c ../Middlewares/ST/STM32_Audio/Addons/PDM/Lib/\libPDMFilter_CM4_GCC_wc32.a(stm32_crc_lock.o)
                0x0000000008004940                CRC_Lock
 .text.taabe431
                0x00000000080049bc        0x8 ../../../../../sdk/mcu/lib/stm32f411/en\libpicovoice.a(picovoice.o)
                0x00000000080049bc                taabe431
 .text.pv_status_to_string
                0x00000000080049c4       0x14 ../../../../../sdk/mcu/lib/stm32f411/en\libpicovoice.a(picovoice.o)
                0x00000000080049c4                pv_status_to_string
 .text.pv_inference_delete.part.0
                0x00000000080049d8       0x40 ../../../../../sdk/mcu/lib/stm32f411/en\libpicovoice.a(pv_picovoice.o)
 .text.pv_inference_delete
                0x0000000008004a18        0x8 ../../../../../sdk/mcu/lib/stm32f411/en\libpicovoice.a(pv_picovoice.o)
                0x0000000008004a18                pv_inference_delete
 .text.taabe762
                0x0000000008004a20      0x154 ../../../../../sdk/mcu/lib/stm32f411/en\libpicovoice.a(pv_picovoice.o)
                0x0000000008004a20                taabe762
 .text.pv_picovoice_init
                0x0000000008004b74       0x10 ../../../../../sdk/mcu/lib/stm32f411/en\libpicovoice.a(pv_picovoice.o)
                0x0000000008004b74                pv_picovoice_init
 .text.pv_picovoice_process
                0x0000000008004b84      0x1a4 ../../../../../sdk/mcu/lib/stm32f411/en\libpicovoice.a(pv_picovoice.o)
                0x0000000008004b84                pv_picovoice_process
 .text.pv_picovoice_context_info
                0x0000000008004d28       0x10 ../../../../../sdk/mcu/lib/stm32f411/en\libpicovoice.a(pv_picovoice.o)
                0x0000000008004d28                pv_picovoice_context_info
 .text.pv_porcupine_delete.part.0
                0x0000000008004d38       0x8c ../../../../../sdk/mcu/lib/stm32f411/en\libpicovoice.a(pv_porcupine.o)
 .text.taabe567
                0x0000000008004dc4      0x488 ../../../../../sdk/mcu/lib/stm32f411/en\libpicovoice.a(pv_porcupine.o)
                0x0000000008004dc4                taabe567
 .text.pv_porcupine_init
                0x000000000800524c       0x10 ../../../../../sdk/mcu/lib/stm32f411/en\libpicovoice.a(pv_porcupine.o)
                0x000000000800524c                pv_porcupine_init
 .text.pv_porcupine_delete
                0x000000000800525c        0x8 ../../../../../sdk/mcu/lib/stm32f411/en\libpicovoice.a(pv_porcupine.o)
                0x000000000800525c                pv_porcupine_delete
 .text.pv_porcupine_process
                0x0000000008005264       0x88 ../../../../../sdk/mcu/lib/stm32f411/en\libpicovoice.a(pv_porcupine.o)
                0x0000000008005264                pv_porcupine_process
 .text.taabe114
                0x00000000080052ec        0x8 ../../../../../sdk/mcu/lib/stm32f411/en\libpicovoice.a(pv_porcupine.o)
                0x00000000080052ec                taabe114
 .text.pv_porcupine_get_min_memory_buffer_size
                0x00000000080052f4       0xe4 ../../../../../sdk/mcu/lib/stm32f411/en\libpicovoice.a(pv_porcupine.o)
                0x00000000080052f4                pv_porcupine_get_min_memory_buffer_size
 .text.taabe394.part.0
                0x00000000080053d8       0x90 ../../../../../sdk/mcu/lib/stm32f411/en\libpicovoice.a(pv_porcupine_internal.o)
 .text.taabe24  0x0000000008005468      0x208 ../../../../../sdk/mcu/lib/stm32f411/en\libpicovoice.a(pv_porcupine_internal.o)
                0x0000000008005468                taabe24
 .text.taabe394
                0x0000000008005670        0x8 ../../../../../sdk/mcu/lib/stm32f411/en\libpicovoice.a(pv_porcupine_internal.o)
                0x0000000008005670                taabe394
 .text.taabe787
                0x0000000008005678       0x74 ../../../../../sdk/mcu/lib/stm32f411/en\libpicovoice.a(pv_porcupine_internal.o)
                0x0000000008005678                taabe787
 .text.taabe173
                0x00000000080056ec      0x20c ../../../../../sdk/mcu/lib/stm32f411/en\libpicovoice.a(pv_porcupine_internal.o)
                0x00000000080056ec                taabe173
 .text.taabe559
                0x00000000080058f8        0x4 ../../../../../sdk/mcu/lib/stm32f411/en\libpicovoice.a(pv_porcupine_internal.o)
                0x00000000080058f8                taabe559
 .text.taabe85  0x00000000080058fc      0x3fc ../../../../../sdk/mcu/lib/stm32f411/en\libpicovoice.a(pv_porcupine_internal.o)
                0x00000000080058fc                taabe85
 .text.pv_rhino_delete.part.0
                0x0000000008005cf8       0x3c ../../../../../sdk/mcu/lib/stm32f411/en\libpicovoice.a(pv_rhino.o)
 .text.pv_rhino_process.part.0
                0x0000000008005d34      0x280 ../../../../../sdk/mcu/lib/stm32f411/en\libpicovoice.a(pv_rhino.o)
 .text.pv_rhino_parse_context
                0x0000000008005fb4      0x1b0 ../../../../../sdk/mcu/lib/stm32f411/en\libpicovoice.a(pv_rhino.o)
                0x0000000008005fb4                pv_rhino_parse_context
 .text.taabe279.part.0
                0x0000000008006164      0x27c ../../../../../sdk/mcu/lib/stm32f411/en\libpicovoice.a(pv_rhino.o)
 .text.pv_rhino_init
                0x00000000080063e0       0xc0 ../../../../../sdk/mcu/lib/stm32f411/en\libpicovoice.a(pv_rhino.o)
                0x00000000080063e0                pv_rhino_init
 .text.pv_rhino_delete
                0x00000000080064a0        0x8 ../../../../../sdk/mcu/lib/stm32f411/en\libpicovoice.a(pv_rhino.o)
                0x00000000080064a0                pv_rhino_delete
 .text.pv_rhino_process
                0x00000000080064a8       0x1c ../../../../../sdk/mcu/lib/stm32f411/en\libpicovoice.a(pv_rhino.o)
                0x00000000080064a8                pv_rhino_process
 .text.pv_rhino_is_understood
                0x00000000080064c4       0x18 ../../../../../sdk/mcu/lib/stm32f411/en\libpicovoice.a(pv_rhino.o)
                0x00000000080064c4                pv_rhino_is_understood
 .text.pv_rhino_get_intent
                0x00000000080064dc       0x30 ../../../../../sdk/mcu/lib/stm32f411/en\libpicovoice.a(pv_rhino.o)
                0x00000000080064dc                pv_rhino_get_intent
 .text.pv_rhino_free_slots_and_values
                0x000000000800650c       0x1c ../../../../../sdk/mcu/lib/stm32f411/en\libpicovoice.a(pv_rhino.o)
                0x000000000800650c                pv_rhino_free_slots_and_values
 .text.pv_rhino_reset
                0x0000000008006528       0x50 ../../../../../sdk/mcu/lib/stm32f411/en\libpicovoice.a(pv_rhino.o)
                0x0000000008006528                pv_rhino_reset
 .text.pv_rhino_context_info
                0x0000000008006578       0x1c ../../../../../sdk/mcu/lib/stm32f411/en\libpicovoice.a(pv_rhino.o)
                0x0000000008006578                pv_rhino_context_info
 .text.taabe217.part.0
                0x0000000008006594        0x8 ../../../../../sdk/mcu/lib/stm32f411/en\libpicovoice.a(pv_rhino_context.o)
 .text.taabe616
                0x000000000800659c      0x2f8 ../../../../../sdk/mcu/lib/stm32f411/en\libpicovoice.a(pv_rhino_context.o)
                0x000000000800659c                taabe616
 .text.taabe217
                0x0000000008006894        0xc ../../../../../sdk/mcu/lib/stm32f411/en\libpicovoice.a(pv_rhino_context.o)
                0x0000000008006894                taabe217
 .text.taabe420
                0x00000000080068a0        0x4 ../../../../../sdk/mcu/lib/stm32f411/en\libpicovoice.a(pv_rhino_context.o)
                0x00000000080068a0                taabe420
 .text.taabe227
                0x00000000080068a4        0x8 ../../../../../sdk/mcu/lib/stm32f411/en\libpicovoice.a(pv_rhino_context.o)
                0x00000000080068a4                taabe227
 .text.taabe473
                0x00000000080068ac        0x8 ../../../../../sdk/mcu/lib/stm32f411/en\libpicovoice.a(pv_rhino_context.o)
                0x00000000080068ac                taabe473
 .text.taabe55  0x00000000080068b4        0x8 ../../../../../sdk/mcu/lib/stm32f411/en\libpicovoice.a(pv_rhino_context.o)
                0x00000000080068b4                taabe55
 .text.taabe644
                0x00000000080068bc       0x18 ../../../../../sdk/mcu/lib/stm32f411/en\libpicovoice.a(pv_rhino_context.o)
                0x00000000080068bc                taabe644
 .text.taabe356
                0x00000000080068d4        0xc ../../../../../sdk/mcu/lib/stm32f411/en\libpicovoice.a(pv_rhino_context.o)
                0x00000000080068d4                taabe356
 .text.taabe385
                0x00000000080068e0        0xc ../../../../../sdk/mcu/lib/stm32f411/en\libpicovoice.a(pv_rhino_context.o)
                0x00000000080068e0                taabe385
 .text.taabe296
                0x00000000080068ec        0xc ../../../../../sdk/mcu/lib/stm32f411/en\libpicovoice.a(pv_rhino_context.o)
                0x00000000080068ec                taabe296
 .text.taabe272
                0x00000000080068f8       0x28 ../../../../../sdk/mcu/lib/stm32f411/en\libpicovoice.a(pv_rhino_context.o)
                0x00000000080068f8                taabe272
 .text.taabe59  0x0000000008006920        0xc ../../../../../sdk/mcu/lib/stm32f411/en\libpicovoice.a(pv_rhino_context.o)
                0x0000000008006920                taabe59
 .text.taabe21  0x000000000800692c       0x14 ../../../../../sdk/mcu/lib/stm32f411/en\libpicovoice.a(pv_rhino_context.o)
                0x000000000800692c                taabe21
 .text.taabe30  0x0000000008006940        0xc ../../../../../sdk/mcu/lib/stm32f411/en\libpicovoice.a(pv_rhino_context.o)
                0x0000000008006940                taabe30
 .text.taabe462
                0x000000000800694c       0x34 ../../../../../sdk/mcu/lib/stm32f411/en\libpicovoice.a(pv_rhino_context.o)
                0x000000000800694c                taabe462
 .text.taabe604
                0x0000000008006980        0x4 ../../../../../sdk/mcu/lib/stm32f411/en\libpicovoice.a(pv_rhino_context.o)
                0x0000000008006980                taabe604
 .text.pv_rhino_beams_insert_at
                0x0000000008006984       0x70 ../../../../../sdk/mcu/lib/stm32f411/en\libpicovoice.a(pv_rhino_decoder.o)
 .text.pv_rhino_beams_insert
                0x00000000080069f4      0x12c ../../../../../sdk/mcu/lib/stm32f411/en\libpicovoice.a(pv_rhino_decoder.o)
 .text.pv_rhino_beams_delete.part.0
                0x0000000008006b20       0x5c ../../../../../sdk/mcu/lib/stm32f411/en\libpicovoice.a(pv_rhino_decoder.o)
 .text.pv_rhino_beams_init
                0x0000000008006b7c       0xe4 ../../../../../sdk/mcu/lib/stm32f411/en\libpicovoice.a(pv_rhino_decoder.o)
 .text.taabe64  0x0000000008006c60       0xc4 ../../../../../sdk/mcu/lib/stm32f411/en\libpicovoice.a(pv_rhino_decoder.o)
                0x0000000008006c60                taabe64
 .text.taabe43  0x0000000008006d24       0x1c ../../../../../sdk/mcu/lib/stm32f411/en\libpicovoice.a(pv_rhino_decoder.o)
                0x0000000008006d24                taabe43
 .text.taabe466
                0x0000000008006d40      0x94c ../../../../../sdk/mcu/lib/stm32f411/en\libpicovoice.a(pv_rhino_decoder.o)
                0x0000000008006d40                taabe466
 .text.taabe347
                0x000000000800768c       0x9c ../../../../../sdk/mcu/lib/stm32f411/en\libpicovoice.a(pv_rhino_decoder.o)
                0x000000000800768c                taabe347
 .text.taabe129
                0x0000000008007728      0x1b8 ../../../../../sdk/mcu/lib/stm32f411/en\libpicovoice.a(pv_rhino_decoder.o)
                0x0000000008007728                taabe129
 .text.taabe599
                0x00000000080078e0       0x38 ../../../../../sdk/mcu/lib/stm32f411/en\libpicovoice.a(pv_rhino_decoder.o)
                0x00000000080078e0                taabe599
 .text.binary_search
                0x0000000008007918       0x5c ../../../../../sdk/mcu/lib/stm32f411/en\libpicovoice.a(pv_rhino_decoder_fancy_slots.o)
 .text.taabe714
                0x0000000008007974      0x114 ../../../../../sdk/mcu/lib/stm32f411/en\libpicovoice.a(pv_rhino_decoder_fancy_slots.o)
                0x0000000008007974                taabe714
 .text.taabe490
                0x0000000008007a88      0x164 ../../../../../sdk/mcu/lib/stm32f411/en\libpicovoice.a(pv_cipher.o)
                0x0000000008007a88                taabe490
 .text.taabe267
                0x0000000008007bec       0x10 ../../../../../sdk/mcu/lib/stm32f411/en\libpicovoice.a(pv_language.o)
                0x0000000008007bec                taabe267
 .text.taabe681
                0x0000000008007bfc       0x10 ../../../../../sdk/mcu/lib/stm32f411/en\libpicovoice.a(pv_language.o)
                0x0000000008007bfc                taabe681
 .text.taabe592
                0x0000000008007c0c        0x4 ../../../../../sdk/mcu/lib/stm32f411/en\libpicovoice.a(pv_language.o)
                0x0000000008007c0c                taabe592
 .text.taabe248
                0x0000000008007c10        0x8 ../../../../../sdk/mcu/lib/stm32f411/en\libpicovoice.a(pv_language.o)
                0x0000000008007c10                taabe248
 .text.taabe525
                0x0000000008007c18       0x10 ../../../../../sdk/mcu/lib/stm32f411/en\libpicovoice.a(pv_language.o)
                0x0000000008007c18                taabe525
 .text.taabe653
                0x0000000008007c28       0x44 ../../../../../sdk/mcu/lib/stm32f411/en\libpicovoice.a(pv_memory.o)
                0x0000000008007c28                taabe653
 .text.taabe284
                0x0000000008007c6c       0x68 ../../../../../sdk/mcu/lib/stm32f411/en\libpicovoice.a(pv_memory.o)
                0x0000000008007c6c                taabe284
 .text.taabe22  0x0000000008007cd4       0x30 ../../../../../sdk/mcu/lib/stm32f411/en\libpicovoice.a(pv_memory.o)
                0x0000000008007cd4                taabe22
 .text.taabe590
                0x0000000008007d04        0x4 ../../../../../sdk/mcu/lib/stm32f411/en\libpicovoice.a(pv_memory.o)
                0x0000000008007d04                taabe590
 .text.taabe734
                0x0000000008007d08       0x5c ../../../../../sdk/mcu/lib/stm32f411/en\libpicovoice.a(pv_filterbank.o)
                0x0000000008007d08                taabe734
 .text.taabe4   0x0000000008007d64       0x1c ../../../../../sdk/mcu/lib/stm32f411/en\libpicovoice.a(pv_filterbank.o)
                0x0000000008007d64                taabe4
 .text.taabe453
                0x0000000008007d80      0x1e8 ../../../../../sdk/mcu/lib/stm32f411/en\libpicovoice.a(pv_filterbank.o)
                0x0000000008007d80                taabe453
 .text.taabe57  0x0000000008007f68        0xc ../../../../../sdk/mcu/lib/stm32f411/en\libpicovoice.a(pv_filterbank.o)
                0x0000000008007f68                taabe57
 .text.taabe378
                0x0000000008007f74       0x84 ../../../../../sdk/mcu/lib/stm32f411/en\libpicovoice.a(pv_stft.o)
                0x0000000008007f74                taabe378
 .text.taabe355
                0x0000000008007ff8       0x24 ../../../../../sdk/mcu/lib/stm32f411/en\libpicovoice.a(pv_stft.o)
                0x0000000008007ff8                taabe355
 .text.taabe716
                0x000000000800801c      0x180 ../../../../../sdk/mcu/lib/stm32f411/en\libpicovoice.a(pv_stft.o)
                0x000000000800801c                taabe716
 .text.taabe642
                0x000000000800819c       0x18 ../../../../../sdk/mcu/lib/stm32f411/en\libpicovoice.a(pv_stft.o)
                0x000000000800819c                taabe642
 .text.taabe572.part.0
                0x00000000080081b4       0xf4 ../../../../../sdk/mcu/lib/stm32f411/en\libpicovoice.a(pv_access.o)
 .text.taabe572
                0x00000000080082a8       0x24 ../../../../../sdk/mcu/lib/stm32f411/en\libpicovoice.a(pv_access.o)
                0x00000000080082a8                taabe572
 .text.taabe246
                0x00000000080082cc        0x8 ../../../../../sdk/mcu/lib/stm32f411/en\libpicovoice.a(pv_access.o)
                0x00000000080082cc                taabe246
 .text.taabe695
                0x00000000080082d4       0x34 ../../../../../sdk/mcu/lib/stm32f411/en\libpicovoice.a(pv_access.o)
                0x00000000080082d4                taabe695
 .text.taabe250
                0x0000000008008308       0x3c ../../../../../sdk/mcu/lib/stm32f411/en\libpicovoice.a(pv_log.o)
                0x0000000008008308                taabe250
 .text.pv_fft_complex_DIT_RN
                0x0000000008008344       0xec ../../../../../sdk/mcu/lib/stm32f411/en\libpicovoice.a(pv_fft.o)
 .text.taabe72  0x0000000008008430       0x24 ../../../../../sdk/mcu/lib/stm32f411/en\libpicovoice.a(pv_fft.o)
                0x0000000008008430                taabe72
 .text.taabe544
                0x0000000008008454        0xc ../../../../../sdk/mcu/lib/stm32f411/en\libpicovoice.a(pv_fft.o)
                0x0000000008008454                taabe544
 .text.taabe429
                0x0000000008008460      0x134 ../../../../../sdk/mcu/lib/stm32f411/en\libpicovoice.a(pv_fft.o)
                0x0000000008008460                taabe429
 .text.taabe312
                0x0000000008008594       0x7c ../../../../../sdk/mcu/lib/stm32f411/en\libpicovoice.a(pv_math.o)
                0x0000000008008594                taabe312
 .text.taabe419
                0x0000000008008610       0x58 ../../../../../sdk/mcu/lib/stm32f411/en\libpicovoice.a(pv_math.o)
                0x0000000008008610                taabe419
 .text.taabe61  0x0000000008008668       0x64 ../../../../../sdk/mcu/lib/stm32f411/en\libpicovoice.a(pv_math.o)
                0x0000000008008668                taabe61
 .text.taabe39  0x00000000080086cc       0x5c ../../../../../sdk/mcu/lib/stm32f411/en\libpicovoice.a(pv_math.o)
                0x00000000080086cc                taabe39
 .text.taabe422.part.0
                0x0000000008008728       0x40 ../../../../../sdk/mcu/lib/stm32f411/en\libpicovoice.a(pv_online_token_classifier.o)
 .text.taabe194
                0x0000000008008768       0xb0 ../../../../../sdk/mcu/lib/stm32f411/en\libpicovoice.a(pv_online_token_classifier.o)
                0x0000000008008768                taabe194
 .text.taabe422
                0x0000000008008818        0x8 ../../../../../sdk/mcu/lib/stm32f411/en\libpicovoice.a(pv_online_token_classifier.o)
                0x0000000008008818                taabe422
 .text.taabe265
                0x0000000008008820       0x10 ../../../../../sdk/mcu/lib/stm32f411/en\libpicovoice.a(pv_online_token_classifier.o)
                0x0000000008008820                taabe265
 .text.taabe310
                0x0000000008008830       0xa4 ../../../../../sdk/mcu/lib/stm32f411/en\libpicovoice.a(pv_online_token_classifier.o)
                0x0000000008008830                taabe310
 .text.taabe51  0x00000000080088d4       0x24 ../../../../../sdk/mcu/lib/stm32f411/en\libpicovoice.a(pv_online_token_classifier.o)
                0x00000000080088d4                taabe51
 .text.taabe703
                0x00000000080088f8       0x30 ../../../../../sdk/mcu/lib/stm32f411/en\libpicovoice.a(pv_fc.o)
                0x00000000080088f8                taabe703
 .text.taabe0   0x0000000008008928        0xc ../../../../../sdk/mcu/lib/stm32f411/en\libpicovoice.a(pv_fc.o)
                0x0000000008008928                taabe0
 .text.taabe278
                0x0000000008008934      0x20c ../../../../../sdk/mcu/lib/stm32f411/en\libpicovoice.a(pv_fc.o)
                0x0000000008008934                taabe278
 .text.taabe288
                0x0000000008008b40       0xdc ../../../../../sdk/mcu/lib/stm32f411/en\libpicovoice.a(pv_rnn.o)
                0x0000000008008b40                taabe288
 .text.taabe41  0x0000000008008c1c       0x34 ../../../../../sdk/mcu/lib/stm32f411/en\libpicovoice.a(pv_rnn.o)
                0x0000000008008c1c                taabe41
 .text.taabe588
                0x0000000008008c50      0x148 ../../../../../sdk/mcu/lib/stm32f411/en\libpicovoice.a(pv_rnn.o)
                0x0000000008008c50                taabe588
 .text.taabe756
                0x0000000008008d98       0x5c ../../../../../sdk/mcu/lib/stm32f411/en\libpicovoice.a(pv_rnn.o)
                0x0000000008008d98                taabe756
 .text.taabe358
                0x0000000008008df4       0x20 ../../../../../sdk/mcu/lib/stm32f411/en\libpicovoice.a(pv_softmax.o)
                0x0000000008008df4                taabe358
 .text.taabe397
                0x0000000008008e14        0xc ../../../../../sdk/mcu/lib/stm32f411/en\libpicovoice.a(pv_softmax.o)
                0x0000000008008e14                taabe397
 .text.taabe152
                0x0000000008008e20       0xd0 ../../../../../sdk/mcu/lib/stm32f411/en\libpicovoice.a(pv_softmax.o)
                0x0000000008008e20                taabe152
 .text.taabe738.part.0
                0x0000000008008ef0       0x38 ../../../../../sdk/mcu/lib/stm32f411/en\libpicovoice.a(pv_porcupine_decoder.o)
 .text.taabe521
                0x0000000008008f28      0x104 ../../../../../sdk/mcu/lib/stm32f411/en\libpicovoice.a(pv_porcupine_decoder.o)
                0x0000000008008f28                taabe521
 .text.taabe738
                0x000000000800902c        0x8 ../../../../../sdk/mcu/lib/stm32f411/en\libpicovoice.a(pv_porcupine_decoder.o)
                0x000000000800902c                taabe738
 .text.taabe343
                0x0000000008009034      0x21c ../../../../../sdk/mcu/lib/stm32f411/en\libpicovoice.a(pv_porcupine_decoder.o)
                0x0000000008009034                taabe343
 .text.taabe7   0x0000000008009250       0x90 ../../../../../sdk/mcu/lib/stm32f411/en\libpicovoice.a(pv_porcupine_decoder.o)
                0x0000000008009250                taabe7
 .text.taabe171
                0x00000000080092e0      0x220 ../../../../../sdk/mcu/lib/stm32f411/en\libpicovoice.a(pv_base64.o)
                0x00000000080092e0                taabe171
 .text.taabe673
                0x0000000008009500       0x60 ../../../../../sdk/mcu/lib/stm32f411/en\libpicovoice.a(pv_normalization.o)
                0x0000000008009500                taabe673
 .text.calloc   0x0000000008009560       0x10 C:/ST/STM32CubeIDE_1.12.1/STM32CubeIDE/plugins/com.st.stm32cube.ide.mcu.externaltools.gnu-tools-for-stm32.11.3.rel1.win32_1.1.0.202305231506/tools/bin/../lib/gcc/arm-none-eabi/11.3.1/../../../../arm-none-eabi/lib/thumb/v7e-m+fp/hard\libc_nano.a(libc_a-calloc.o)
                0x0000000008009560                calloc
 .text._calloc_r
                0x0000000008009570       0x2c C:/ST/STM32CubeIDE_1.12.1/STM32CubeIDE/plugins/com.st.stm32cube.ide.mcu.externaltools.gnu-tools-for-stm32.11.3.rel1.win32_1.1.0.202305231506/tools/bin/../lib/gcc/arm-none-eabi/11.3.1/../../../../arm-none-eabi/lib/thumb/v7e-m+fp/hard\libc_nano.a(libc_a-callocr.o)
                0x0000000008009570                _calloc_r
 .text.malloc   0x000000000800959c       0x10 C:/ST/STM32CubeIDE_1.12.1/STM32CubeIDE/plugins/com.st.stm32cube.ide.mcu.externaltools.gnu-tools-for-stm32.11.3.rel1.win32_1.1.0.202305231506/tools/bin/../lib/gcc/arm-none-eabi/11.3.1/../../../../arm-none-eabi/lib/thumb/v7e-m+fp/hard\libc_nano.a(libc_a-malloc.o)
                0x000000000800959c                malloc
 .text.free     0x00000000080095ac       0x10 C:/ST/STM32CubeIDE_1.12.1/STM32CubeIDE/plugins/com.st.stm32cube.ide.mcu.externaltools.gnu-tools-for-stm32.11.3.rel1.win32_1.1.0.202305231506/tools/bin/../lib/gcc/arm-none-eabi/11.3.1/../../../../arm-none-eabi/lib/thumb/v7e-m+fp/hard\libc_nano.a(libc_a-malloc.o)
                0x00000000080095ac                free
 .text.sbrk_aligned
                0x00000000080095bc       0x40 C:/ST/STM32CubeIDE_1.12.1/STM32CubeIDE/plugins/com.st.stm32cube.ide.mcu.externaltools.gnu-tools-for-stm32.11.3.rel1.win32_1.1.0.202305231506/tools/bin/../lib/gcc/arm-none-eabi/11.3.1/../../../../arm-none-eabi/lib/thumb/v7e-m+fp/hard\libc_nano.a(libc_a-mallocr.o)
 .text._malloc_r
                0x00000000080095fc      0x100 C:/ST/STM32CubeIDE_1.12.1/STM32CubeIDE/plugins/com.st.stm32cube.ide.mcu.externaltools.gnu-tools-for-stm32.11.3.rel1.win32_1.1.0.202305231506/tools/bin/../lib/gcc/arm-none-eabi/11.3.1/../../../../arm-none-eabi/lib/thumb/v7e-m+fp/hard\libc_nano.a(libc_a-mallocr.o)
                0x00000000080095fc                _malloc_r
 .text.__malloc_lock
                0x00000000080096fc        0xc C:/ST/STM32CubeIDE_1.12.1/STM32CubeIDE/plugins/com.st.stm32cube.ide.mcu.externaltools.gnu-tools-for-stm32.11.3.rel1.win32_1.1.0.202305231506/tools/bin/../lib/gcc/arm-none-eabi/11.3.1/../../../../arm-none-eabi/lib/thumb/v7e-m+fp/hard\libc_nano.a(libc_a-mlock.o)
                0x00000000080096fc                __malloc_lock
 .text.__malloc_unlock
                0x0000000008009708        0xc C:/ST/STM32CubeIDE_1.12.1/STM32CubeIDE/plugins/com.st.stm32cube.ide.mcu.externaltools.gnu-tools-for-stm32.11.3.rel1.win32_1.1.0.202305231506/tools/bin/../lib/gcc/arm-none-eabi/11.3.1/../../../../arm-none-eabi/lib/thumb/v7e-m+fp/hard\libc_nano.a(libc_a-mlock.o)
                0x0000000008009708                __malloc_unlock
 .text.__sfputc_r
                0x0000000008009714       0x2e C:/ST/STM32CubeIDE_1.12.1/STM32CubeIDE/plugins/com.st.stm32cube.ide.mcu.externaltools.gnu-tools-for-stm32.11.3.rel1.win32_1.1.0.202305231506/tools/bin/../lib/gcc/arm-none-eabi/11.3.1/../../../../arm-none-eabi/lib/thumb/v7e-m+fp/hard\libc_nano.a(libc_a-nano-vfprintf.o)
 .text.__sfputs_r
                0x0000000008009742       0x24 C:/ST/STM32CubeIDE_1.12.1/STM32CubeIDE/plugins/com.st.stm32cube.ide.mcu.externaltools.gnu-tools-for-stm32.11.3.rel1.win32_1.1.0.202305231506/tools/bin/../lib/gcc/arm-none-eabi/11.3.1/../../../../arm-none-eabi/lib/thumb/v7e-m+fp/hard\libc_nano.a(libc_a-nano-vfprintf.o)
                0x0000000008009742                __sfputs_r
 *fill*         0x0000000008009766        0x2 
 .text._vfprintf_r
                0x0000000008009768      0x234 C:/ST/STM32CubeIDE_1.12.1/STM32CubeIDE/plugins/com.st.stm32cube.ide.mcu.externaltools.gnu-tools-for-stm32.11.3.rel1.win32_1.1.0.202305231506/tools/bin/../lib/gcc/arm-none-eabi/11.3.1/../../../../arm-none-eabi/lib/thumb/v7e-m+fp/hard\libc_nano.a(libc_a-nano-vfprintf.o)
                0x0000000008009768                _vfprintf_r
                0x0000000008009768                _vfiprintf_r
 .text.vfprintf
                0x000000000800999c       0x14 C:/ST/STM32CubeIDE_1.12.1/STM32CubeIDE/plugins/com.st.stm32cube.ide.mcu.externaltools.gnu-tools-for-stm32.11.3.rel1.win32_1.1.0.202305231506/tools/bin/../lib/gcc/arm-none-eabi/11.3.1/../../../../arm-none-eabi/lib/thumb/v7e-m+fp/hard\libc_nano.a(libc_a-nano-vfprintf.o)
                0x000000000800999c                vfprintf
                0x000000000800999c                vfiprintf
 .text._printf_common
                0x00000000080099b0       0xda C:/ST/STM32CubeIDE_1.12.1/STM32CubeIDE/plugins/com.st.stm32cube.ide.mcu.externaltools.gnu-tools-for-stm32.11.3.rel1.win32_1.1.0.202305231506/tools/bin/../lib/gcc/arm-none-eabi/11.3.1/../../../../arm-none-eabi/lib/thumb/v7e-m+fp/hard\libc_nano.a(libc_a-nano-vfprintf_i.o)
                0x00000000080099b0                _printf_common
 *fill*         0x0000000008009a8a        0x2 
 .text._printf_i
                0x0000000008009a8c      0x244 C:/ST/STM32CubeIDE_1.12.1/STM32CubeIDE/plugins/com.st.stm32cube.ide.mcu.externaltools.gnu-tools-for-stm32.11.3.rel1.win32_1.1.0.202305231506/tools/bin/../lib/gcc/arm-none-eabi/11.3.1/../../../../arm-none-eabi/lib/thumb/v7e-m+fp/hard\libc_nano.a(libc_a-nano-vfprintf_i.o)
                0x0000000008009a8c                _printf_i
 .text.std      0x0000000008009cd0       0x48 C:/ST/STM32CubeIDE_1.12.1/STM32CubeIDE/plugins/com.st.stm32cube.ide.mcu.externaltools.gnu-tools-for-stm32.11.3.rel1.win32_1.1.0.202305231506/tools/bin/../lib/gcc/arm-none-eabi/11.3.1/../../../../arm-none-eabi/lib/thumb/v7e-m+fp/hard\libc_nano.a(libc_a-findfp.o)
 .text.stdio_exit_handler
                0x0000000008009d18       0x18 C:/ST/STM32CubeIDE_1.12.1/STM32CubeIDE/plugins/com.st.stm32cube.ide.mcu.externaltools.gnu-tools-for-stm32.11.3.rel1.win32_1.1.0.202305231506/tools/bin/../lib/gcc/arm-none-eabi/11.3.1/../../../../arm-none-eabi/lib/thumb/v7e-m+fp/hard\libc_nano.a(libc_a-findfp.o)
 .text.cleanup_stdio
                0x0000000008009d30       0x40 C:/ST/STM32CubeIDE_1.12.1/STM32CubeIDE/plugins/com.st.stm32cube.ide.mcu.externaltools.gnu-tools-for-stm32.11.3.rel1.win32_1.1.0.202305231506/tools/bin/../lib/gcc/arm-none-eabi/11.3.1/../../../../arm-none-eabi/lib/thumb/v7e-m+fp/hard\libc_nano.a(libc_a-findfp.o)
 .text.global_stdio_init.part.0
                0x0000000008009d70       0x3c C:/ST/STM32CubeIDE_1.12.1/STM32CubeIDE/plugins/com.st.stm32cube.ide.mcu.externaltools.gnu-tools-for-stm32.11.3.rel1.win32_1.1.0.202305231506/tools/bin/../lib/gcc/arm-none-eabi/11.3.1/../../../../arm-none-eabi/lib/thumb/v7e-m+fp/hard\libc_nano.a(libc_a-findfp.o)
 .text.__sfp_lock_acquire
                0x0000000008009dac        0xc C:/ST/STM32CubeIDE_1.12.1/STM32CubeIDE/plugins/com.st.stm32cube.ide.mcu.externaltools.gnu-tools-for-stm32.11.3.rel1.win32_1.1.0.202305231506/tools/bin/../lib/gcc/arm-none-eabi/11.3.1/../../../../arm-none-eabi/lib/thumb/v7e-m+fp/hard\libc_nano.a(libc_a-findfp.o)
                0x0000000008009dac                __sfp_lock_acquire
 .text.__sfp_lock_release
                0x0000000008009db8        0xc C:/ST/STM32CubeIDE_1.12.1/STM32CubeIDE/plugins/com.st.stm32cube.ide.mcu.externaltools.gnu-tools-for-stm32.11.3.rel1.win32_1.1.0.202305231506/tools/bin/../lib/gcc/arm-none-eabi/11.3.1/../../../../arm-none-eabi/lib/thumb/v7e-m+fp/hard\libc_nano.a(libc_a-findfp.o)
                0x0000000008009db8                __sfp_lock_release
 .text.__sinit  0x0000000008009dc4       0x30 C:/ST/STM32CubeIDE_1.12.1/STM32CubeIDE/plugins/com.st.stm32cube.ide.mcu.externaltools.gnu-tools-for-stm32.11.3.rel1.win32_1.1.0.202305231506/tools/bin/../lib/gcc/arm-none-eabi/11.3.1/../../../../arm-none-eabi/lib/thumb/v7e-m+fp/hard\libc_nano.a(libc_a-findfp.o)
                0x0000000008009dc4                __sinit
 .text._fwalk_sglue
                0x0000000008009df4       0x3c C:/ST/STM32CubeIDE_1.12.1/STM32CubeIDE/plugins/com.st.stm32cube.ide.mcu.externaltools.gnu-tools-for-stm32.11.3.rel1.win32_1.1.0.202305231506/tools/bin/../lib/gcc/arm-none-eabi/11.3.1/../../../../arm-none-eabi/lib/thumb/v7e-m+fp/hard\libc_nano.a(libc_a-fwalk.o)
                0x0000000008009df4                _fwalk_sglue
 .text.printf   0x0000000008009e30       0x24 C:/ST/STM32CubeIDE_1.12.1/STM32CubeIDE/plugins/com.st.stm32cube.ide.mcu.externaltools.gnu-tools-for-stm32.11.3.rel1.win32_1.1.0.202305231506/tools/bin/../lib/gcc/arm-none-eabi/11.3.1/../../../../arm-none-eabi/lib/thumb/v7e-m+fp/hard\libc_nano.a(libc_a-printf.o)
                0x0000000008009e30                iprintf
                0x0000000008009e30                printf
 .text._puts_r  0x0000000008009e54       0xa8 C:/ST/STM32CubeIDE_1.12.1/STM32CubeIDE/plugins/com.st.stm32cube.ide.mcu.externaltools.gnu-tools-for-stm32.11.3.rel1.win32_1.1.0.202305231506/tools/bin/../lib/gcc/arm-none-eabi/11.3.1/../../../../arm-none-eabi/lib/thumb/v7e-m+fp/hard\libc_nano.a(libc_a-puts.o)
                0x0000000008009e54                _puts_r
 .text.puts     0x0000000008009efc       0x10 C:/ST/STM32CubeIDE_1.12.1/STM32CubeIDE/plugins/com.st.stm32cube.ide.mcu.externaltools.gnu-tools-for-stm32.11.3.rel1.win32_1.1.0.202305231506/tools/bin/../lib/gcc/arm-none-eabi/11.3.1/../../../../arm-none-eabi/lib/thumb/v7e-m+fp/hard\libc_nano.a(libc_a-puts.o)
                0x0000000008009efc                puts
 .text.__sread  0x0000000008009f0c       0x22 C:/ST/STM32CubeIDE_1.12.1/STM32CubeIDE/plugins/com.st.stm32cube.ide.mcu.externaltools.gnu-tools-for-stm32.11.3.rel1.win32_1.1.0.202305231506/tools/bin/../lib/gcc/arm-none-eabi/11.3.1/../../../../arm-none-eabi/lib/thumb/v7e-m+fp/hard\libc_nano.a(libc_a-stdio.o)
                0x0000000008009f0c                __sread
 .text.__swrite
                0x0000000008009f2e       0x38 C:/ST/STM32CubeIDE_1.12.1/STM32CubeIDE/plugins/com.st.stm32cube.ide.mcu.externaltools.gnu-tools-for-stm32.11.3.rel1.win32_1.1.0.202305231506/tools/bin/../lib/gcc/arm-none-eabi/11.3.1/../../../../arm-none-eabi/lib/thumb/v7e-m+fp/hard\libc_nano.a(libc_a-stdio.o)
                0x0000000008009f2e                __swrite
 .text.__sseek  0x0000000008009f66       0x24 C:/ST/STM32CubeIDE_1.12.1/STM32CubeIDE/plugins/com.st.stm32cube.ide.mcu.externaltools.gnu-tools-for-stm32.11.3.rel1.win32_1.1.0.202305231506/tools/bin/../lib/gcc/arm-none-eabi/11.3.1/../../../../arm-none-eabi/lib/thumb/v7e-m+fp/hard\libc_nano.a(libc_a-stdio.o)
                0x0000000008009f66                __sseek
 .text.__sclose
                0x0000000008009f8a        0x8 C:/ST/STM32CubeIDE_1.12.1/STM32CubeIDE/plugins/com.st.stm32cube.ide.mcu.externaltools.gnu-tools-for-stm32.11.3.rel1.win32_1.1.0.202305231506/tools/bin/../lib/gcc/arm-none-eabi/11.3.1/../../../../arm-none-eabi/lib/thumb/v7e-m+fp/hard\libc_nano.a(libc_a-stdio.o)
                0x0000000008009f8a                __sclose
 .text.__swbuf_r
                0x0000000008009f92       0x7a C:/ST/STM32CubeIDE_1.12.1/STM32CubeIDE/plugins/com.st.stm32cube.ide.mcu.externaltools.gnu-tools-for-stm32.11.3.rel1.win32_1.1.0.202305231506/tools/bin/../lib/gcc/arm-none-eabi/11.3.1/../../../../arm-none-eabi/lib/thumb/v7e-m+fp/hard\libc_nano.a(libc_a-wbuf.o)
                0x0000000008009f92                __swbuf_r
 .text.__swsetup_r
                0x000000000800a00c       0xb0 C:/ST/STM32CubeIDE_1.12.1/STM32CubeIDE/plugins/com.st.stm32cube.ide.mcu.externaltools.gnu-tools-for-stm32.11.3.rel1.win32_1.1.0.202305231506/tools/bin/../lib/gcc/arm-none-eabi/11.3.1/../../../../arm-none-eabi/lib/thumb/v7e-m+fp/hard\libc_nano.a(libc_a-wsetup.o)
                0x000000000800a00c                __swsetup_r
 .text.memmove  0x000000000800a0bc       0x34 C:/ST/STM32CubeIDE_1.12.1/STM32CubeIDE/plugins/com.st.stm32cube.ide.mcu.externaltools.gnu-tools-for-stm32.11.3.rel1.win32_1.1.0.202305231506/tools/bin/../lib/gcc/arm-none-eabi/11.3.1/../../../../arm-none-eabi/lib/thumb/v7e-m+fp/hard\libc_nano.a(libc_a-memmove.o)
                0x000000000800a0bc                memmove
 .text.memset   0x000000000800a0f0       0x10 C:/ST/STM32CubeIDE_1.12.1/STM32CubeIDE/plugins/com.st.stm32cube.ide.mcu.externaltools.gnu-tools-for-stm32.11.3.rel1.win32_1.1.0.202305231506/tools/bin/../lib/gcc/arm-none-eabi/11.3.1/../../../../arm-none-eabi/lib/thumb/v7e-m+fp/hard\libc_nano.a(libc_a-memset.o)
                0x000000000800a0f0                memset
 .text.strcspn  0x000000000800a100       0x22 C:/ST/STM32CubeIDE_1.12.1/STM32CubeIDE/plugins/com.st.stm32cube.ide.mcu.externaltools.gnu-tools-for-stm32.11.3.rel1.win32_1.1.0.202305231506/tools/bin/../lib/gcc/arm-none-eabi/11.3.1/../../../../arm-none-eabi/lib/thumb/v7e-m+fp/hard\libc_nano.a(libc_a-strcspn.o)
                0x000000000800a100                strcspn
 .text.strncmp  0x000000000800a122       0x24 C:/ST/STM32CubeIDE_1.12.1/STM32CubeIDE/plugins/com.st.stm32cube.ide.mcu.externaltools.gnu-tools-for-stm32.11.3.rel1.win32_1.1.0.202305231506/tools/bin/../lib/gcc/arm-none-eabi/11.3.1/../../../../arm-none-eabi/lib/thumb/v7e-m+fp/hard\libc_nano.a(libc_a-strncmp.o)
                0x000000000800a122                strncmp
 .text.strncpy  0x000000000800a146       0x26 C:/ST/STM32CubeIDE_1.12.1/STM32CubeIDE/plugins/com.st.stm32cube.ide.mcu.externaltools.gnu-tools-for-stm32.11.3.rel1.win32_1.1.0.202305231506/tools/bin/../lib/gcc/arm-none-eabi/11.3.1/../../../../arm-none-eabi/lib/thumb/v7e-m+fp/hard\libc_nano.a(libc_a-strncpy.o)
                0x000000000800a146                strncpy
 .text.strspn   0x000000000800a16c       0x20 C:/ST/STM32CubeIDE_1.12.1/STM32CubeIDE/plugins/com.st.stm32cube.ide.mcu.externaltools.gnu-tools-for-stm32.11.3.rel1.win32_1.1.0.202305231506/tools/bin/../lib/gcc/arm-none-eabi/11.3.1/../../../../arm-none-eabi/lib/thumb/v7e-m+fp/hard\libc_nano.a(libc_a-strspn.o)
                0x000000000800a16c                strspn
 .text._close_r
                0x000000000800a18c       0x20 C:/ST/STM32CubeIDE_1.12.1/STM32CubeIDE/plugins/com.st.stm32cube.ide.mcu.externaltools.gnu-tools-for-stm32.11.3.rel1.win32_1.1.0.202305231506/tools/bin/../lib/gcc/arm-none-eabi/11.3.1/../../../../arm-none-eabi/lib/thumb/v7e-m+fp/hard\libc_nano.a(libc_a-closer.o)
                0x000000000800a18c                _close_r
 .text._lseek_r
                0x000000000800a1ac       0x24 C:/ST/STM32CubeIDE_1.12.1/STM32CubeIDE/plugins/com.st.stm32cube.ide.mcu.externaltools.gnu-tools-for-stm32.11.3.rel1.win32_1.1.0.202305231506/tools/bin/../lib/gcc/arm-none-eabi/11.3.1/../../../../arm-none-eabi/lib/thumb/v7e-m+fp/hard\libc_nano.a(libc_a-lseekr.o)
                0x000000000800a1ac                _lseek_r
 .text._read_r  0x000000000800a1d0       0x24 C:/ST/STM32CubeIDE_1.12.1/STM32CubeIDE/plugins/com.st.stm32cube.ide.mcu.externaltools.gnu-tools-for-stm32.11.3.rel1.win32_1.1.0.202305231506/tools/bin/../lib/gcc/arm-none-eabi/11.3.1/../../../../arm-none-eabi/lib/thumb/v7e-m+fp/hard\libc_nano.a(libc_a-readr.o)
                0x000000000800a1d0                _read_r
 .text._sbrk_r  0x000000000800a1f4       0x20 C:/ST/STM32CubeIDE_1.12.1/STM32CubeIDE/plugins/com.st.stm32cube.ide.mcu.externaltools.gnu-tools-for-stm32.11.3.rel1.win32_1.1.0.202305231506/tools/bin/../lib/gcc/arm-none-eabi/11.3.1/../../../../arm-none-eabi/lib/thumb/v7e-m+fp/hard\libc_nano.a(libc_a-sbrkr.o)
                0x000000000800a1f4                _sbrk_r
 .text._write_r
                0x000000000800a214       0x24 C:/ST/STM32CubeIDE_1.12.1/STM32CubeIDE/plugins/com.st.stm32cube.ide.mcu.externaltools.gnu-tools-for-stm32.11.3.rel1.win32_1.1.0.202305231506/tools/bin/../lib/gcc/arm-none-eabi/11.3.1/../../../../arm-none-eabi/lib/thumb/v7e-m+fp/hard\libc_nano.a(libc_a-writer.o)
                0x000000000800a214                _write_r
 .text.__errno  0x000000000800a238        0xc C:/ST/STM32CubeIDE_1.12.1/STM32CubeIDE/plugins/com.st.stm32cube.ide.mcu.externaltools.gnu-tools-for-stm32.11.3.rel1.win32_1.1.0.202305231506/tools/bin/../lib/gcc/arm-none-eabi/11.3.1/../../../../arm-none-eabi/lib/thumb/v7e-m+fp/hard\libc_nano.a(libc_a-errno.o)
                0x000000000800a238                __errno
 .text.__libc_init_array
                0x000000000800a244       0x48 C:/ST/STM32CubeIDE_1.12.1/STM32CubeIDE/plugins/com.st.stm32cube.ide.mcu.externaltools.gnu-tools-for-stm32.11.3.rel1.win32_1.1.0.202305231506/tools/bin/../lib/gcc/arm-none-eabi/11.3.1/../../../../arm-none-eabi/lib/thumb/v7e-m+fp/hard\libc_nano.a(libc_a-init.o)
                0x000000000800a244                __libc_init_array
 .text.__retarget_lock_acquire_recursive
                0x000000000800a28c        0x2 C:/ST/STM32CubeIDE_1.12.1/STM32CubeIDE/plugins/com.st.stm32cube.ide.mcu.externaltools.gnu-tools-for-stm32.11.3.rel1.win32_1.1.0.202305231506/tools/bin/../lib/gcc/arm-none-eabi/11.3.1/../../../../arm-none-eabi/lib/thumb/v7e-m+fp/hard\libc_nano.a(libc_a-lock.o)
                0x000000000800a28c                __retarget_lock_acquire_recursive
 .text.__retarget_lock_release_recursive
                0x000000000800a28e        0x2 C:/ST/STM32CubeIDE_1.12.1/STM32CubeIDE/plugins/com.st.stm32cube.ide.mcu.externaltools.gnu-tools-for-stm32.11.3.rel1.win32_1.1.0.202305231506/tools/bin/../lib/gcc/arm-none-eabi/11.3.1/../../../../arm-none-eabi/lib/thumb/v7e-m+fp/hard\libc_nano.a(libc_a-lock.o)
                0x000000000800a28e                __retarget_lock_release_recursive
 .text.strcpy   0x000000000800a290       0x10 C:/ST/STM32CubeIDE_1.12.1/STM32CubeIDE/plugins/com.st.stm32cube.ide.mcu.externaltools.gnu-tools-for-stm32.11.3.rel1.win32_1.1.0.202305231506/tools/bin/../lib/gcc/arm-none-eabi/11.3.1/../../../../arm-none-eabi/lib/thumb/v7e-m+fp/hard\libc_nano.a(libc_a-strcpy.o)
                0x000000000800a290                strcpy
 .text.memcpy   0x000000000800a2a0       0x1c C:/ST/STM32CubeIDE_1.12.1/STM32CubeIDE/plugins/com.st.stm32cube.ide.mcu.externaltools.gnu-tools-for-stm32.11.3.rel1.win32_1.1.0.202305231506/tools/bin/../lib/gcc/arm-none-eabi/11.3.1/../../../../arm-none-eabi/lib/thumb/v7e-m+fp/hard\libc_nano.a(libc_a-memcpy-stub.o)
                0x000000000800a2a0                memcpy
 .text._free_r  0x000000000800a2bc       0x98 C:/ST/STM32CubeIDE_1.12.1/STM32CubeIDE/plugins/com.st.stm32cube.ide.mcu.externaltools.gnu-tools-for-stm32.11.3.rel1.win32_1.1.0.202305231506/tools/bin/../lib/gcc/arm-none-eabi/11.3.1/../../../../arm-none-eabi/lib/thumb/v7e-m+fp/hard\libc_nano.a(libc_a-freer.o)
                0x000000000800a2bc                _free_r
 .text.__sflush_r
                0x000000000800a354      0x10c C:/ST/STM32CubeIDE_1.12.1/STM32CubeIDE/plugins/com.st.stm32cube.ide.mcu.externaltools.gnu-tools-for-stm32.11.3.rel1.win32_1.1.0.202305231506/tools/bin/../lib/gcc/arm-none-eabi/11.3.1/../../../../arm-none-eabi/lib/thumb/v7e-m+fp/hard\libc_nano.a(libc_a-fflush.o)
                0x000000000800a354                __sflush_r
 .text._fflush_r
                0x000000000800a460       0x50 C:/ST/STM32CubeIDE_1.12.1/STM32CubeIDE/plugins/com.st.stm32cube.ide.mcu.externaltools.gnu-tools-for-stm32.11.3.rel1.win32_1.1.0.202305231506/tools/bin/../lib/gcc/arm-none-eabi/11.3.1/../../../../arm-none-eabi/lib/thumb/v7e-m+fp/hard\libc_nano.a(libc_a-fflush.o)
                0x000000000800a460                _fflush_r
 .text.__swhatbuf_r
                0x000000000800a4b0       0x4c C:/ST/STM32CubeIDE_1.12.1/STM32CubeIDE/plugins/com.st.stm32cube.ide.mcu.externaltools.gnu-tools-for-stm32.11.3.rel1.win32_1.1.0.202305231506/tools/bin/../lib/gcc/arm-none-eabi/11.3.1/../../../../arm-none-eabi/lib/thumb/v7e-m+fp/hard\libc_nano.a(libc_a-makebuf.o)
                0x000000000800a4b0                __swhatbuf_r
 .text.__smakebuf_r
                0x000000000800a4fc       0x78 C:/ST/STM32CubeIDE_1.12.1/STM32CubeIDE/plugins/com.st.stm32cube.ide.mcu.externaltools.gnu-tools-for-stm32.11.3.rel1.win32_1.1.0.202305231506/tools/bin/../lib/gcc/arm-none-eabi/11.3.1/../../../../arm-none-eabi/lib/thumb/v7e-m+fp/hard\libc_nano.a(libc_a-makebuf.o)
                0x000000000800a4fc                __smakebuf_r
 .text._fstat_r
                0x000000000800a574       0x24 C:/ST/STM32CubeIDE_1.12.1/STM32CubeIDE/plugins/com.st.stm32cube.ide.mcu.externaltools.gnu-tools-for-stm32.11.3.rel1.win32_1.1.0.202305231506/tools/bin/../lib/gcc/arm-none-eabi/11.3.1/../../../../arm-none-eabi/lib/thumb/v7e-m+fp/hard\libc_nano.a(libc_a-fstatr.o)
                0x000000000800a574                _fstat_r
 .text._isatty_r
                0x000000000800a598       0x20 C:/ST/STM32CubeIDE_1.12.1/STM32CubeIDE/plugins/com.st.stm32cube.ide.mcu.externaltools.gnu-tools-for-stm32.11.3.rel1.win32_1.1.0.202305231506/tools/bin/../lib/gcc/arm-none-eabi/11.3.1/../../../../arm-none-eabi/lib/thumb/v7e-m+fp/hard\libc_nano.a(libc_a-isattyr.o)
                0x000000000800a598                _isatty_r
 .text.powf     0x000000000800a5b8       0xae C:/ST/STM32CubeIDE_1.12.1/STM32CubeIDE/plugins/com.st.stm32cube.ide.mcu.externaltools.gnu-tools-for-stm32.11.3.rel1.win32_1.1.0.202305231506/tools/bin/../lib/gcc/arm-none-eabi/11.3.1/../../../../arm-none-eabi/lib/thumb/v7e-m+fp/hard\libm.a(libm_a-wf_pow.o)
                0x000000000800a5b8                powf
 .text.finitef  0x000000000800a666       0x1a C:/ST/STM32CubeIDE_1.12.1/STM32CubeIDE/plugins/com.st.stm32cube.ide.mcu.externaltools.gnu-tools-for-stm32.11.3.rel1.win32_1.1.0.202305231506/tools/bin/../lib/gcc/arm-none-eabi/11.3.1/../../../../arm-none-eabi/lib/thumb/v7e-m+fp/hard\libm.a(libm_a-sf_finite.o)
                0x000000000800a666                finitef
 .text.roundf   0x000000000800a680       0x48 C:/ST/STM32CubeIDE_1.12.1/STM32CubeIDE/plugins/com.st.stm32cube.ide.mcu.externaltools.gnu-tools-for-stm32.11.3.rel1.win32_1.1.0.202305231506/tools/bin/../lib/gcc/arm-none-eabi/11.3.1/../../../../arm-none-eabi/lib/thumb/v7e-m+fp/hard\libm.a(libm_a-sf_round.o)
                0x000000000800a680                roundf
 .text.__ieee754_powf
                0x000000000800a6c8      0x594 C:/ST/STM32CubeIDE_1.12.1/STM32CubeIDE/plugins/com.st.stm32cube.ide.mcu.externaltools.gnu-tools-for-stm32.11.3.rel1.win32_1.1.0.202305231506/tools/bin/../lib/gcc/arm-none-eabi/11.3.1/../../../../arm-none-eabi/lib/thumb/v7e-m+fp/hard\libm.a(libm_a-ef_pow.o)
                0x000000000800a6c8                __ieee754_powf
 .text.fabsf    0x000000000800ac5c        0xe C:/ST/STM32CubeIDE_1.12.1/STM32CubeIDE/plugins/com.st.stm32cube.ide.mcu.externaltools.gnu-tools-for-stm32.11.3.rel1.win32_1.1.0.202305231506/tools/bin/../lib/gcc/arm-none-eabi/11.3.1/../../../../arm-none-eabi/lib/thumb/v7e-m+fp/hard\libm.a(libm_a-sf_fabs.o)
                0x000000000800ac5c                fabsf
 *fill*         0x000000000800ac6a        0x2 
 .text.scalbnf  0x000000000800ac6c       0xcc C:/ST/STM32CubeIDE_1.12.1/STM32CubeIDE/plugins/com.st.stm32cube.ide.mcu.externaltools.gnu-tools-for-stm32.11.3.rel1.win32_1.1.0.202305231506/tools/bin/../lib/gcc/arm-none-eabi/11.3.1/../../../../arm-none-eabi/lib/thumb/v7e-m+fp/hard\libm.a(libm_a-sf_scalbn.o)
                0x000000000800ac6c                scalbnf
 .text.with_errnof
                0x000000000800ad38       0x16 C:/ST/STM32CubeIDE_1.12.1/STM32CubeIDE/plugins/com.st.stm32cube.ide.mcu.externaltools.gnu-tools-for-stm32.11.3.rel1.win32_1.1.0.202305231506/tools/bin/../lib/gcc/arm-none-eabi/11.3.1/../../../../arm-none-eabi/lib/thumb/v7e-m+fp/hard\libm.a(libm_a-math_errf.o)
 .text.xflowf   0x000000000800ad4e       0x16 C:/ST/STM32CubeIDE_1.12.1/STM32CubeIDE/plugins/com.st.stm32cube.ide.mcu.externaltools.gnu-tools-for-stm32.11.3.rel1.win32_1.1.0.202305231506/tools/bin/../lib/gcc/arm-none-eabi/11.3.1/../../../../arm-none-eabi/lib/thumb/v7e-m+fp/hard\libm.a(libm_a-math_errf.o)
 .text.__math_uflowf
                0x000000000800ad64        0xc C:/ST/STM32CubeIDE_1.12.1/STM32CubeIDE/plugins/com.st.stm32cube.ide.mcu.externaltools.gnu-tools-for-stm32.11.3.rel1.win32_1.1.0.202305231506/tools/bin/../lib/gcc/arm-none-eabi/11.3.1/../../../../arm-none-eabi/lib/thumb/v7e-m+fp/hard\libm.a(libm_a-math_errf.o)
                0x000000000800ad64                __math_uflowf
 .text.__math_oflowf
                0x000000000800ad70        0xc C:/ST/STM32CubeIDE_1.12.1/STM32CubeIDE/plugins/com.st.stm32cube.ide.mcu.externaltools.gnu-tools-for-stm32.11.3.rel1.win32_1.1.0.202305231506/tools/bin/../lib/gcc/arm-none-eabi/11.3.1/../../../../arm-none-eabi/lib/thumb/v7e-m+fp/hard\libm.a(libm_a-math_errf.o)
                0x000000000800ad70                __math_oflowf
 .text.__ieee754_sqrtf
                0x000000000800ad7c        0x6 C:/ST/STM32CubeIDE_1.12.1/STM32CubeIDE/plugins/com.st.stm32cube.ide.mcu.externaltools.gnu-tools-for-stm32.11.3.rel1.win32_1.1.0.202305231506/tools/bin/../lib/gcc/arm-none-eabi/11.3.1/../../../../arm-none-eabi/lib/thumb/v7e-m+fp/hard\libm.a(libm_a-ef_sqrt.o)
                0x000000000800ad7c                __ieee754_sqrtf
 *(.glue_7)
 .glue_7        0x000000000800ad82        0x0 linker stubs
 *(.glue_7t)
 .glue_7t       0x000000000800ad82        0x0 linker stubs
 *(.eh_frame)
 *fill*         0x000000000800ad82        0x2 
 .eh_frame      0x000000000800ad84        0x0 C:/ST/STM32CubeIDE_1.12.1/STM32CubeIDE/plugins/com.st.stm32cube.ide.mcu.externaltools.gnu-tools-for-stm32.11.3.rel1.win32_1.1.0.202305231506/tools/bin/../lib/gcc/arm-none-eabi/11.3.1/thumb/v7e-m+fp/hard/crtbegin.o
 *(.init)
 .init          0x000000000800ad84        0x4 C:/ST/STM32CubeIDE_1.12.1/STM32CubeIDE/plugins/com.st.stm32cube.ide.mcu.externaltools.gnu-tools-for-stm32.11.3.rel1.win32_1.1.0.202305231506/tools/bin/../lib/gcc/arm-none-eabi/11.3.1/thumb/v7e-m+fp/hard/crti.o
                0x000000000800ad84                _init
 .init          0x000000000800ad88        0x8 C:/ST/STM32CubeIDE_1.12.1/STM32CubeIDE/plugins/com.st.stm32cube.ide.mcu.externaltools.gnu-tools-for-stm32.11.3.rel1.win32_1.1.0.202305231506/tools/bin/../lib/gcc/arm-none-eabi/11.3.1/thumb/v7e-m+fp/hard/crtn.o
 *(.fini)
 .fini          0x000000000800ad90        0x4 C:/ST/STM32CubeIDE_1.12.1/STM32CubeIDE/plugins/com.st.stm32cube.ide.mcu.externaltools.gnu-tools-for-stm32.11.3.rel1.win32_1.1.0.202305231506/tools/bin/../lib/gcc/arm-none-eabi/11.3.1/thumb/v7e-m+fp/hard/crti.o
                0x000000000800ad90                _fini
 .fini          0x000000000800ad94        0x8 C:/ST/STM32CubeIDE_1.12.1/STM32CubeIDE/plugins/com.st.stm32cube.ide.mcu.externaltools.gnu-tools-for-stm32.11.3.rel1.win32_1.1.0.202305231506/tools/bin/../lib/gcc/arm-none-eabi/11.3.1/thumb/v7e-m+fp/hard/crtn.o
                0x000000000800ad9c                . = ALIGN (0x4)
                0x000000000800ad9c                _etext = .

.vfp11_veneer   0x000000000800ad9c        0x0
 .vfp11_veneer  0x000000000800ad9c        0x0 linker stubs

.v4_bx          0x000000000800ad9c        0x0
 .v4_bx         0x000000000800ad9c        0x0 linker stubs

.iplt           0x000000000800ad9c        0x0
 .iplt          0x000000000800ad9c        0x0 C:/ST/STM32CubeIDE_1.12.1/STM32CubeIDE/plugins/com.st.stm32cube.ide.mcu.externaltools.gnu-tools-for-stm32.11.3.rel1.win32_1.1.0.202305231506/tools/bin/../lib/gcc/arm-none-eabi/11.3.1/thumb/v7e-m+fp/hard/crtbegin.o

.rodata         0x000000000800ad9c    0x3e030
                0x000000000800ad9c                . = ALIGN (0x4)
 *(.rodata)
 .rodata        0x000000000800ad9c       0x38 ../Middlewares/ST/STM32_Audio/Addons/PDM/Lib/\libPDMFilter_CM4_GCC_wc32.a(pdm_filter.o)
 *(.rodata*)
 .rodata.GPIO_PIN
                0x000000000800add4        0x8 ./Drivers/BSP/STM32F411E-Discovery/stm32f411e_discovery.o
                0x000000000800add4                GPIO_PIN
 .rodata.flagBitshiftOffset.0
                0x000000000800addc        0x8 ./Drivers/STM32F4xx_HAL_Driver/Src/stm32f4xx_hal_dma.o
 .rodata.inference_callback.str1.4
                0x000000000800ade4       0x73 ./Src/main.o
                                         0x77 (size before relaxing)
 *fill*         0x000000000800ae57        0x1 
 .rodata.wake_word_callback.str1.4
                0x000000000800ae58        0xc ./Src/main.o
 .rodata.main.str1.4
                0x000000000800ae64      0x11b ./Src/main.o
 *fill*         0x000000000800af7f        0x1 
 .rodata.CONTEXT_ARRAY
                0x000000000800af80     0x1bd0 ./Src/main.o
 .rodata.KEYWORD_ARRAY
                0x000000000800cb50      0x3bc ./Src/main.o
 .rodata.AHBPrescTable
                0x000000000800cf0c       0x10 ./Src/system_stm32f4xx.o
                0x000000000800cf0c                AHBPrescTable
 .rodata.str1.4
                0x000000000800cf1c       0xcf ../../../../../sdk/mcu/lib/stm32f411/en\libpicovoice.a(picovoice.o)
 *fill*         0x000000000800cfeb        0x1 
 .rodata.STRINGS.0
                0x000000000800cfec       0x30 ../../../../../sdk/mcu/lib/stm32f411/en\libpicovoice.a(picovoice.o)
 .rodata.taabe567.str1.4
                0x000000000800d01c      0x1d0 ../../../../../sdk/mcu/lib/stm32f411/en\libpicovoice.a(pv_porcupine.o)
 .rodata.taabe24.str1.4
                0x000000000800d1ec       0x7e ../../../../../sdk/mcu/lib/stm32f411/en\libpicovoice.a(pv_porcupine_internal.o)
 *fill*         0x000000000800d26a        0x2 
 .rodata.taabe85.str1.4
                0x000000000800d26c      0x1e2 ../../../../../sdk/mcu/lib/stm32f411/en\libpicovoice.a(pv_porcupine_internal.o)
                                        0x1ea (size before relaxing)
 *fill*         0x000000000800d44e        0x2 
 .rodata.pv_rhino_parse_context.str1.4
                0x000000000800d450      0x149 ../../../../../sdk/mcu/lib/stm32f411/en\libpicovoice.a(pv_rhino.o)
                                        0x18d (size before relaxing)
 *fill*         0x000000000800d599        0x3 
 .rodata.taabe279.part.0.str1.4
                0x000000000800d59c      0x11c ../../../../../sdk/mcu/lib/stm32f411/en\libpicovoice.a(pv_rhino.o)
                                        0x19f (size before relaxing)
 .rodata.taabe714.str1.4
                0x000000000800d6b8        0x2 ../../../../../sdk/mcu/lib/stm32f411/en\libpicovoice.a(pv_rhino_decoder_fancy_slots.o)
                                          0x6 (size before relaxing)
 *fill*         0x000000000800d6ba        0x2 
 .rodata.str1.4
                0x000000000800d6bc       0x9b ../../../../../sdk/mcu/lib/stm32f411/en\libpicovoice.a(pv_language_info_en.o)
                                         0xa3 (size before relaxing)
 *fill*         0x000000000800d757        0x1 
 .rodata.PV_LANGUAGE_INFO
                0x000000000800d758       0x10 ../../../../../sdk/mcu/lib/stm32f411/en\libpicovoice.a(pv_language_info_en.o)
                0x000000000800d758                PV_LANGUAGE_INFO
 .rodata.BINS.2
                0x000000000800d768       0x54 ../../../../../sdk/mcu/lib/stm32f411/en\libpicovoice.a(pv_filterbank.o)
 .rodata.WEIGHT_DECREMENTS.0
                0x000000000800d7bc       0xa0 ../../../../../sdk/mcu/lib/stm32f411/en\libpicovoice.a(pv_filterbank.o)
 .rodata.WEIGHT_INCREMENTS.1
                0x000000000800d85c       0xa0 ../../../../../sdk/mcu/lib/stm32f411/en\libpicovoice.a(pv_filterbank.o)
 .rodata.HALF_HANN_WINDOW
                0x000000000800d8fc      0x400 ../../../../../sdk/mcu/lib/stm32f411/en\libpicovoice.a(pv_stft.o)
 .rodata.str1.4
                0x000000000800dcfc       0x11 ../../../../../sdk/mcu/lib/stm32f411/en\libpicovoice.a(pv_access.o)
 *fill*         0x000000000800dd0d        0x3 
 .rodata.BIT_REVERSAL_TABLE
                0x000000000800dd10      0x200 ../../../../../sdk/mcu/lib/stm32f411/en\libpicovoice.a(pv_fft.o)
 .rodata.SIN_TABLE
                0x000000000800df10      0x600 ../../../../../sdk/mcu/lib/stm32f411/en\libpicovoice.a(pv_fft.o)
 .rodata.PV_EXP_LSB_TABLE
                0x000000000800e510      0x200 ../../../../../sdk/mcu/lib/stm32f411/en\libpicovoice.a(pv_math.o)
 .rodata.PV_EXP_MSB_TABLE
                0x000000000800e710      0x200 ../../../../../sdk/mcu/lib/stm32f411/en\libpicovoice.a(pv_math.o)
 .rodata.PV_LOG10_TABLE
                0x000000000800e910      0x402 ../../../../../sdk/mcu/lib/stm32f411/en\libpicovoice.a(pv_math.o)
 *fill*         0x000000000800ed12        0x2 
 .rodata.PV_SIGMOID_TABLE
                0x000000000800ed14      0x202 ../../../../../sdk/mcu/lib/stm32f411/en\libpicovoice.a(pv_math.o)
 *fill*         0x000000000800ef16        0x2 
 .rodata.FEATURE_NORMALIZATION_MEAN
                0x000000000800ef18       0x50 ../../../../../sdk/mcu/lib/stm32f411/en\libpicovoice.a(pv_classifier_80_cortexm.o)
 .rodata.FEATURE_NORMALIZATION_STD_RECIPROCAL
                0x000000000800ef68       0x50 ../../../../../sdk/mcu/lib/stm32f411/en\libpicovoice.a(pv_classifier_80_cortexm.o)
 .rodata.NORMALIZATION_PARAM
                0x000000000800efb8        0xc ../../../../../sdk/mcu/lib/stm32f411/en\libpicovoice.a(pv_classifier_80_cortexm.o)
 .rodata.PV_PORCUPINE_CLASSIFIER_PARAM
                0x000000000800efc4       0x14 ../../../../../sdk/mcu/lib/stm32f411/en\libpicovoice.a(pv_classifier_80_cortexm.o)
                0x000000000800efc4                PV_PORCUPINE_CLASSIFIER_PARAM
 .rodata.RNN_0_PARAM
                0x000000000800efd8        0x8 ../../../../../sdk/mcu/lib/stm32f411/en\libpicovoice.a(pv_classifier_80_cortexm.o)
 .rodata.RNN_1_PARAM
                0x000000000800efe0        0x8 ../../../../../sdk/mcu/lib/stm32f411/en\libpicovoice.a(pv_classifier_80_cortexm.o)
 .rodata.RNN_2_PARAM
                0x000000000800efe8        0x8 ../../../../../sdk/mcu/lib/stm32f411/en\libpicovoice.a(pv_classifier_80_cortexm.o)
 .rodata.RNN_3_PARAM
                0x000000000800eff0        0x8 ../../../../../sdk/mcu/lib/stm32f411/en\libpicovoice.a(pv_classifier_80_cortexm.o)
 .rodata.RNN_4_PARAM
                0x000000000800eff8        0x8 ../../../../../sdk/mcu/lib/stm32f411/en\libpicovoice.a(pv_classifier_80_cortexm.o)
 .rodata.RNN_5_PARAM
                0x000000000800f000        0x8 ../../../../../sdk/mcu/lib/stm32f411/en\libpicovoice.a(pv_classifier_80_cortexm.o)
 .rodata.SOFTMAX_BIAS
                0x000000000800f008       0x28 ../../../../../sdk/mcu/lib/stm32f411/en\libpicovoice.a(pv_classifier_80_cortexm.o)
 .rodata.SOFTMAX_FC_PARAM
                0x000000000800f030       0x10 ../../../../../sdk/mcu/lib/stm32f411/en\libpicovoice.a(pv_classifier_80_cortexm.o)
 .rodata.SOFTMAX_WEIGHT
                0x000000000800f040      0xc80 ../../../../../sdk/mcu/lib/stm32f411/en\libpicovoice.a(pv_classifier_80_cortexm.o)
 .rodata.TIED_LSTM_0_HIDDEN_BIAS
                0x000000000800fcc0       0xf0 ../../../../../sdk/mcu/lib/stm32f411/en\libpicovoice.a(pv_classifier_80_cortexm.o)
 .rodata.TIED_LSTM_0_HIDDEN_FC_PARAM
                0x000000000800fdb0       0x10 ../../../../../sdk/mcu/lib/stm32f411/en\libpicovoice.a(pv_classifier_80_cortexm.o)
 .rodata.TIED_LSTM_0_HIDDEN_WEIGHT
                0x000000000800fdc0     0x4b00 ../../../../../sdk/mcu/lib/stm32f411/en\libpicovoice.a(pv_classifier_80_cortexm.o)
 .rodata.TIED_LSTM_0_INPUT_BIAS
                0x00000000080148c0       0xf0 ../../../../../sdk/mcu/lib/stm32f411/en\libpicovoice.a(pv_classifier_80_cortexm.o)
 .rodata.TIED_LSTM_0_INPUT_FC_PARAM
                0x00000000080149b0       0x10 ../../../../../sdk/mcu/lib/stm32f411/en\libpicovoice.a(pv_classifier_80_cortexm.o)
 .rodata.TIED_LSTM_0_INPUT_WEIGHT
                0x00000000080149c0     0x4b00 ../../../../../sdk/mcu/lib/stm32f411/en\libpicovoice.a(pv_classifier_80_cortexm.o)
 .rodata.TIED_LSTM_1_HIDDEN_BIAS
                0x00000000080194c0       0xf0 ../../../../../sdk/mcu/lib/stm32f411/en\libpicovoice.a(pv_classifier_80_cortexm.o)
 .rodata.TIED_LSTM_1_HIDDEN_FC_PARAM
                0x00000000080195b0       0x10 ../../../../../sdk/mcu/lib/stm32f411/en\libpicovoice.a(pv_classifier_80_cortexm.o)
 .rodata.TIED_LSTM_1_HIDDEN_WEIGHT
                0x00000000080195c0     0x4b00 ../../../../../sdk/mcu/lib/stm32f411/en\libpicovoice.a(pv_classifier_80_cortexm.o)
 .rodata.TIED_LSTM_1_INPUT_BIAS
                0x000000000801e0c0       0xf0 ../../../../../sdk/mcu/lib/stm32f411/en\libpicovoice.a(pv_classifier_80_cortexm.o)
 .rodata.TIED_LSTM_1_INPUT_FC_PARAM
                0x000000000801e1b0       0x10 ../../../../../sdk/mcu/lib/stm32f411/en\libpicovoice.a(pv_classifier_80_cortexm.o)
 .rodata.TIED_LSTM_1_INPUT_WEIGHT
                0x000000000801e1c0     0x4b00 ../../../../../sdk/mcu/lib/stm32f411/en\libpicovoice.a(pv_classifier_80_cortexm.o)
 .rodata.TIED_LSTM_2_HIDDEN_BIAS
                0x0000000008022cc0       0xf0 ../../../../../sdk/mcu/lib/stm32f411/en\libpicovoice.a(pv_classifier_80_cortexm.o)
 .rodata.TIED_LSTM_2_HIDDEN_FC_PARAM
                0x0000000008022db0       0x10 ../../../../../sdk/mcu/lib/stm32f411/en\libpicovoice.a(pv_classifier_80_cortexm.o)
 .rodata.TIED_LSTM_2_HIDDEN_WEIGHT
                0x0000000008022dc0     0x4b00 ../../../../../sdk/mcu/lib/stm32f411/en\libpicovoice.a(pv_classifier_80_cortexm.o)
 .rodata.TIED_LSTM_2_INPUT_BIAS
                0x00000000080278c0       0xf0 ../../../../../sdk/mcu/lib/stm32f411/en\libpicovoice.a(pv_classifier_80_cortexm.o)
 .rodata.TIED_LSTM_2_INPUT_FC_PARAM
                0x00000000080279b0       0x10 ../../../../../sdk/mcu/lib/stm32f411/en\libpicovoice.a(pv_classifier_80_cortexm.o)
 .rodata.TIED_LSTM_2_INPUT_WEIGHT
                0x00000000080279c0     0x4b00 ../../../../../sdk/mcu/lib/stm32f411/en\libpicovoice.a(pv_classifier_80_cortexm.o)
 .rodata.TIED_LSTM_3_HIDDEN_BIAS
                0x000000000802c4c0       0xf0 ../../../../../sdk/mcu/lib/stm32f411/en\libpicovoice.a(pv_classifier_80_cortexm.o)
 .rodata.TIED_LSTM_3_HIDDEN_FC_PARAM
                0x000000000802c5b0       0x10 ../../../../../sdk/mcu/lib/stm32f411/en\libpicovoice.a(pv_classifier_80_cortexm.o)
 .rodata.TIED_LSTM_3_HIDDEN_WEIGHT
                0x000000000802c5c0     0x4b00 ../../../../../sdk/mcu/lib/stm32f411/en\libpicovoice.a(pv_classifier_80_cortexm.o)
 .rodata.TIED_LSTM_3_INPUT_BIAS
                0x00000000080310c0       0xf0 ../../../../../sdk/mcu/lib/stm32f411/en\libpicovoice.a(pv_classifier_80_cortexm.o)
 .rodata.TIED_LSTM_3_INPUT_FC_PARAM
                0x00000000080311b0       0x10 ../../../../../sdk/mcu/lib/stm32f411/en\libpicovoice.a(pv_classifier_80_cortexm.o)
 .rodata.TIED_LSTM_3_INPUT_WEIGHT
                0x00000000080311c0     0x4b00 ../../../../../sdk/mcu/lib/stm32f411/en\libpicovoice.a(pv_classifier_80_cortexm.o)
 .rodata.TIED_LSTM_4_HIDDEN_BIAS
                0x0000000008035cc0       0xf0 ../../../../../sdk/mcu/lib/stm32f411/en\libpicovoice.a(pv_classifier_80_cortexm.o)
 .rodata.TIED_LSTM_4_HIDDEN_FC_PARAM
                0x0000000008035db0       0x10 ../../../../../sdk/mcu/lib/stm32f411/en\libpicovoice.a(pv_classifier_80_cortexm.o)
 .rodata.TIED_LSTM_4_HIDDEN_WEIGHT
                0x0000000008035dc0     0x4b00 ../../../../../sdk/mcu/lib/stm32f411/en\libpicovoice.a(pv_classifier_80_cortexm.o)
 .rodata.TIED_LSTM_4_INPUT_BIAS
                0x000000000803a8c0       0xf0 ../../../../../sdk/mcu/lib/stm32f411/en\libpicovoice.a(pv_classifier_80_cortexm.o)
 .rodata.TIED_LSTM_4_INPUT_FC_PARAM
                0x000000000803a9b0       0x10 ../../../../../sdk/mcu/lib/stm32f411/en\libpicovoice.a(pv_classifier_80_cortexm.o)
 .rodata.TIED_LSTM_4_INPUT_WEIGHT
                0x000000000803a9c0     0x4b00 ../../../../../sdk/mcu/lib/stm32f411/en\libpicovoice.a(pv_classifier_80_cortexm.o)
 .rodata.TIED_LSTM_5_HIDDEN_BIAS
                0x000000000803f4c0       0xf0 ../../../../../sdk/mcu/lib/stm32f411/en\libpicovoice.a(pv_classifier_80_cortexm.o)
 .rodata.TIED_LSTM_5_HIDDEN_FC_PARAM
                0x000000000803f5b0       0x10 ../../../../../sdk/mcu/lib/stm32f411/en\libpicovoice.a(pv_classifier_80_cortexm.o)
 .rodata.TIED_LSTM_5_HIDDEN_WEIGHT
                0x000000000803f5c0     0x4b00 ../../../../../sdk/mcu/lib/stm32f411/en\libpicovoice.a(pv_classifier_80_cortexm.o)
 .rodata.TIED_LSTM_5_INPUT_BIAS
                0x00000000080440c0       0xf0 ../../../../../sdk/mcu/lib/stm32f411/en\libpicovoice.a(pv_classifier_80_cortexm.o)
 .rodata.TIED_LSTM_5_INPUT_FC_PARAM
                0x00000000080441b0       0x10 ../../../../../sdk/mcu/lib/stm32f411/en\libpicovoice.a(pv_classifier_80_cortexm.o)
 .rodata.TIED_LSTM_5_INPUT_WEIGHT
                0x00000000080441c0     0x4b00 ../../../../../sdk/mcu/lib/stm32f411/en\libpicovoice.a(pv_classifier_80_cortexm.o)
 .rodata.base64_dec_map
                0x0000000008048cc0       0x80 ../../../../../sdk/mcu/lib/stm32f411/en\libpicovoice.a(pv_base64.o)